{"event": "model_start", "label": "CTRL_01_DSS2_RED", "model": "phase_iaaft", "ts_utc": "2026-08-14T18:46:22Z", "variant": "WHOLE"}
      CTRL_01_DSS2_RED WHOLE phase_iaaft seed=20260901: 64/256
      CTRL_01_DSS2_RED WHOLE phase_iaaft seed=20260901: 128/256
      CTRL_01_DSS2_RED WHOLE phase_iaaft seed=20260901: 192/256
      CTRL_01_DSS2_RED WHOLE phase_iaaft seed=20260901: 256/256
      CTRL_01_DSS2_RED WHOLE phase_iaaft seed=20260902: 64/256
      CTRL_01_DSS2_RED WHOLE phase_iaaft seed=20260902: 128/256
      CTRL_01_DSS2_RED WHOLE phase_iaaft seed=20260902: 192/256
      CTRL_01_DSS2_RED WHOLE phase_iaaft seed=20260902: 256/256
      CTRL_01_DSS2_RED WHOLE phase_iaaft seed=20260903: 64/256
      CTRL_01_DSS2_RED WHOLE phase_iaaft seed=20260903: 128/256
      CTRL_01_DSS2_RED WHOLE phase_iaaft seed=20260903: 192/256
      CTRL_01_DSS2_RED WHOLE phase_iaaft seed=20260903: 256/256
{"event": "model_complete", "label": "CTRL_01_DSS2_RED", "model": "phase_iaaft", "p": 0.0013003901170351106, "ts_utc": "2026-08-14T18:46:38Z", "variant": "WHOLE"}
{"event": "model_start", "label": "CTRL_01_DSS2_RED", "model": "block_shuffle", "ts_utc": "2026-08-14T18:46:38Z", "variant": "WHOLE"}
      CTRL_01_DSS2_RED WHOLE block_shuffle seed=20260901: 64/256
      CTRL_01_DSS2_RED WHOLE block_shuffle seed=20260901: 128/256
      CTRL_01_DSS2_RED WHOLE block_shuffle seed=20260901: 192/256
      CTRL_01_DSS2_RED WHOLE block_shuffle seed=20260901: 256/256
      CTRL_01_DSS2_RED WHOLE block_shuffle seed=20260902: 64/256
      CTRL_01_DSS2_RED WHOLE block_shuffle seed=20260902: 128/256
      CTRL_01_DSS2_RED WHOLE block_shuffle seed=20260902: 192/256
      CTRL_01_DSS2_RED WHOLE block_shuffle seed=20260902: 256/256
      CTRL_01_DSS2_RED WHOLE block_shuffle seed=20260903: 64/256
      CTRL_01_DSS2_RED WHOLE block_shuffle seed=20260903: 128/256
      CTRL_01_DSS2_RED WHOLE block_shuffle seed=20260903: 192/256
      CTRL_01_DSS2_RED WHOLE block_shuffle seed=20260903: 256/256
{"event": "model_complete", "label": "CTRL_01_DSS2_RED", "model": "block_shuffle", "p": 0.0013003901170351106, "ts_utc": "2026-08-14T18:46:47Z", "variant": "WHOLE"}
{"event": "model_start", "label": "CTRL_01_DSS2_RED", "model": "phase_iaaft", "ts_utc": "2026-08-14T18:46:47Z", "variant": "PSEUDO_BELT_CORRIDOR"}
      CTRL_01_DSS2_RED PSEUDO_BELT_CORRIDOR phase_iaaft seed=20260901: 64/256
      CTRL_01_DSS2_RED PSEUDO_BELT_CORRIDOR phase_iaaft seed=20260901: 128/256
      CTRL_01_DSS2_RED PSEUDO_BELT_CORRIDOR phase_iaaft seed=20260901: 192/256
      CTRL_01_DSS2_RED PSEUDO_BELT_CORRIDOR phase_iaaft seed=20260901: 256/256
      CTRL_01_DSS2_RED PSEUDO_BELT_CORRIDOR phase_iaaft seed=20260902: 64/256
      CTRL_01_DSS2_RED PSEUDO_BELT_CORRIDOR phase_iaaft seed=20260902: 128/256
      CTRL_01_DSS2_RED PSEUDO_BELT_CORRIDOR phase_iaaft seed=20260902: 192/256
      CTRL_01_DSS2_RED PSEUDO_BELT_CORRIDOR phase_iaaft seed=20260902: 256/256
      CTRL_01_DSS2_RED PSEUDO_BELT_CORRIDOR phase_iaaft seed=20260903: 64/256
      CTRL_01_DSS2_RED PSEUDO_BELT_CORRIDOR phase_iaaft seed=20260903: 128/256
      CTRL_01_DSS2_RED PSEUDO_BELT_CORRIDOR phase_iaaft seed=20260903: 192/256
      CTRL_01_DSS2_RED PSEUDO_BELT_CORRIDOR phase_iaaft seed=20260903: 256/256
{"event": "model_complete", "label": "CTRL_01_DSS2_RED", "model": "phase_iaaft", "p": 0.0013003901170351106, "ts_utc": "2026-08-14T18:47:03Z", "variant": "PSEUDO_BELT_CORRIDOR"}
{"event": "model_start", "label": "CTRL_01_DSS2_RED", "model": "block_shuffle", "ts_utc": "2026-08-14T18:47:03Z", "variant": "PSEUDO_BELT_CORRIDOR"}
      CTRL_01_DSS2_RED PSEUDO_BELT_CORRIDOR block_shuffle seed=20260901: 64/256
      CTRL_01_DSS2_RED PSEUDO_BELT_CORRIDOR block_shuffle seed=20260901: 128/256
      CTRL_01_DSS2_RED PSEUDO_BELT_CORRIDOR block_shuffle seed=20260901: 192/256
      CTRL_01_DSS2_RED PSEUDO_BELT_CORRIDOR block_shuffle seed=20260901: 256/256
      CTRL_01_DSS2_RED PSEUDO_BELT_CORRIDOR block_shuffle seed=20260902: 64/256
      CTRL_01_DSS2_RED PSEUDO_BELT_CORRIDOR block_shuffle seed=20260902: 128/256
      CTRL_01_DSS2_RED PSEUDO_BELT_CORRIDOR block_shuffle seed=20260902: 192/256
      CTRL_01_DSS2_RED PSEUDO_BELT_CORRIDOR block_shuffle seed=20260902: 256/256
      CTRL_01_DSS2_RED PSEUDO_BELT_CORRIDOR block_shuffle seed=20260903: 64/256
      CTRL_01_DSS2_RED PSEUDO_BELT_CORRIDOR block_shuffle seed=20260903: 128/256
      CTRL_01_DSS2_RED PSEUDO_BELT_CORRIDOR block_shuffle seed=20260903: 192/256
      CTRL_01_DSS2_RED PSEUDO_BELT_CORRIDOR block_shuffle seed=20260903: 256/256
{"event": "model_complete", "label": "CTRL_01_DSS2_RED", "model": "block_shuffle", "p": 0.0013003901170351106, "ts_utc": "2026-08-14T18:47:12Z", "variant": "PSEUDO_BELT_CORRIDOR"}
{"event": "model_start", "label": "CTRL_01_DSS2_BLUE", "model": "phase_iaaft", "ts_utc": "2026-08-14T18:47:12Z", "variant": "WHOLE"}
      CTRL_01_DSS2_BLUE WHOLE phase_iaaft seed=20260901: 64/256
      CTRL_01_DSS2_BLUE WHOLE phase_iaaft seed=20260901: 128/256
      CTRL_01_DSS2_BLUE WHOLE phase_iaaft seed=20260901: 192/256
      CTRL_01_DSS2_BLUE WHOLE phase_iaaft seed=20260901: 256/256
      CTRL_01_DSS2_BLUE WHOLE phase_iaaft seed=20260902: 64/256
      CTRL_01_DSS2_BLUE WHOLE phase_iaaft seed=20260902: 128/256
      CTRL_01_DSS2_BLUE WHOLE phase_iaaft seed=20260902: 192/256
      CTRL_01_DSS2_BLUE WHOLE phase_iaaft seed=20260902: 256/256
      CTRL_01_DSS2_BLUE WHOLE phase_iaaft seed=20260903: 64/256
      CTRL_01_DSS2_BLUE WHOLE phase_iaaft seed=20260903: 128/256
      CTRL_01_DSS2_BLUE WHOLE phase_iaaft seed=20260903: 192/256
      CTRL_01_DSS2_BLUE WHOLE phase_iaaft seed=20260903: 256/256
{"event": "model_complete", "label": "CTRL_01_DSS2_BLUE", "model": "phase_iaaft", "p": 0.0013003901170351106, "ts_utc": "2026-08-14T18:47:28Z", "variant": "WHOLE"}
{"event": "model_start", "label": "CTRL_01_DSS2_BLUE", "model": "block_shuffle", "ts_utc": "2026-08-14T18:47:28Z", "variant": "WHOLE"}
      CTRL_01_DSS2_BLUE WHOLE block_shuffle seed=20260901: 64/256
      CTRL_01_DSS2_BLUE WHOLE block_shuffle seed=20260901: 128/256
      CTRL_01_DSS2_BLUE WHOLE block_shuffle seed=20260901: 192/256
      CTRL_01_DSS2_BLUE WHOLE block_shuffle seed=20260901: 256/256
      CTRL_01_DSS2_BLUE WHOLE block_shuffle seed=20260902: 64/256
      CTRL_01_DSS2_BLUE WHOLE block_shuffle seed=20260902: 128/256
      CTRL_01_DSS2_BLUE WHOLE block_shuffle seed=20260902: 192/256
      CTRL_01_DSS2_BLUE WHOLE block_shuffle seed=20260902: 256/256
      CTRL_01_DSS2_BLUE WHOLE block_shuffle seed=20260903: 64/256
      CTRL_01_DSS2_BLUE WHOLE block_shuffle seed=20260903: 128/256
      CTRL_01_DSS2_BLUE WHOLE block_shuffle seed=20260903: 192/256
      CTRL_01_DSS2_BLUE WHOLE block_shuffle seed=20260903: 256/256
{"event": "model_complete", "label": "CTRL_01_DSS2_BLUE", "model": "block_shuffle", "p": 0.0013003901170351106, "ts_utc": "2026-08-14T18:47:37Z", "variant": "WHOLE"}
{"event": "model_start", "label": "CTRL_01_DSS2_BLUE", "model": "phase_iaaft", "ts_utc": "2026-08-14T18:47:37Z", "variant": "PSEUDO_BELT_CORRIDOR"}
      CTRL_01_DSS2_BLUE PSEUDO_BELT_CORRIDOR phase_iaaft seed=20260901: 64/256
      CTRL_01_DSS2_BLUE PSEUDO_BELT_CORRIDOR phase_iaaft seed=20260901: 128/256
      CTRL_01_DSS2_BLUE PSEUDO_BELT_CORRIDOR phase_iaaft seed=20260901: 192/256
      CTRL_01_DSS2_BLUE PSEUDO_BELT_CORRIDOR phase_iaaft seed=20260901: 256/256
      CTRL_01_DSS2_BLUE PSEUDO_BELT_CORRIDOR phase_iaaft seed=20260902: 64/256
      CTRL_01_DSS2_BLUE PSEUDO_BELT_CORRIDOR phase_iaaft seed=20260902: 128/256
      CTRL_01_DSS2_BLUE PSEUDO_BELT_CORRIDOR phase_iaaft seed=20260902: 192/256
      CTRL_01_DSS2_BLUE PSEUDO_BELT_CORRIDOR phase_iaaft seed=20260902: 256/256
      CTRL_01_DSS2_BLUE PSEUDO_BELT_CORRIDOR phase_iaaft seed=20260903: 64/256
      CTRL_01_DSS2_BLUE PSEUDO_BELT_CORRIDOR phase_iaaft seed=20260903: 128/256
      CTRL_01_DSS2_BLUE PSEUDO_BELT_CORRIDOR phase_iaaft seed=20260903: 192/256
      CTRL_01_DSS2_BLUE PSEUDO_BELT_CORRIDOR phase_iaaft seed=20260903: 256/256
{"event": "model_complete", "label": "CTRL_01_DSS2_BLUE", "model": "phase_iaaft", "p": 0.0013003901170351106, "ts_utc": "2026-08-14T18:47:53Z", "variant": "PSEUDO_BELT_CORRIDOR"}
{"event": "model_start", "label": "CTRL_01_DSS2_BLUE", "model": "block_shuffle", "ts_utc": "2026-08-14T18:47:53Z", "variant": "PSEUDO_BELT_CORRIDOR"}
      CTRL_01_DSS2_BLUE PSEUDO_BELT_CORRIDOR block_shuffle seed=20260901: 64/256
      CTRL_01_DSS2_BLUE PSEUDO_BELT_CORRIDOR block_shuffle seed=20260901: 128/256
      CTRL_01_DSS2_BLUE PSEUDO_BELT_CORRIDOR block_shuffle seed=20260901: 192/256
      CTRL_01_DSS2_BLUE PSEUDO_BELT_CORRIDOR block_shuffle seed=20260901: 256/256
      CTRL_01_DSS2_BLUE PSEUDO_BELT_CORRIDOR block_shuffle seed=20260902: 64/256
      CTRL_01_DSS2_BLUE PSEUDO_BELT_CORRIDOR block_shuffle seed=20260902: 128/256
      CTRL_01_DSS2_BLUE PSEUDO_BELT_CORRIDOR block_shuffle seed=20260902: 192/256
      CTRL_01_DSS2_BLUE PSEUDO_BELT_CORRIDOR block_shuffle seed=20260902: 256/256
      CTRL_01_DSS2_BLUE PSEUDO_BELT_CORRIDOR block_shuffle seed=20260903: 64/256
      CTRL_01_DSS2_BLUE PSEUDO_BELT_CORRIDOR block_shuffle seed=20260903: 128/256
      CTRL_01_DSS2_BLUE PSEUDO_BELT_CORRIDOR block_shuffle seed=20260903: 192/256
      CTRL_01_DSS2_BLUE PSEUDO_BELT_CORRIDOR block_shuffle seed=20260903: 256/256
{"event": "model_complete", "label": "CTRL_01_DSS2_BLUE", "model": "block_shuffle", "p": 0.0013003901170351106, "ts_utc": "2026-08-14T18:48:01Z", "variant": "PSEUDO_BELT_CORRIDOR"}
{"event": "model_start", "label": "CTRL_01_2MASS_J", "model": "phase_iaaft", "ts_utc": "2026-08-14T18:48:01Z", "variant": "WHOLE"}
      CTRL_01_2MASS_J WHOLE phase_iaaft seed=20260901: 64/256
      CTRL_01_2MASS_J WHOLE phase_iaaft seed=20260901: 128/256
      CTRL_01_2MASS_J WHOLE phase_iaaft seed=20260901: 192/256
      CTRL_01_2MASS_J WHOLE phase_iaaft seed=20260901: 256/256
      CTRL_01_2MASS_J WHOLE phase_iaaft seed=20260902: 64/256
      CTRL_01_2MASS_J WHOLE phase_iaaft seed=20260902: 128/256
      CTRL_01_2MASS_J WHOLE phase_iaaft seed=20260902: 192/256
      CTRL_01_2MASS_J WHOLE phase_iaaft seed=20260902: 256/256
      CTRL_01_2MASS_J WHOLE phase_iaaft seed=20260903: 64/256
      CTRL_01_2MASS_J WHOLE phase_iaaft seed=20260903: 128/256
      CTRL_01_2MASS_J WHOLE phase_iaaft seed=20260903: 192/256
      CTRL_01_2MASS_J WHOLE phase_iaaft seed=20260903: 256/256
{"event": "model_complete", "label": "CTRL_01_2MASS_J", "model": "phase_iaaft", "p": 0.4850455136540962, "ts_utc": "2026-08-14T18:48:18Z", "variant": "WHOLE"}
{"event": "model_start", "label": "CTRL_01_2MASS_J", "model": "block_shuffle", "ts_utc": "2026-08-14T18:48:18Z", "variant": "WHOLE"}
      CTRL_01_2MASS_J WHOLE block_shuffle seed=20260901: 64/256
      CTRL_01_2MASS_J WHOLE block_shuffle seed=20260901: 128/256
      CTRL_01_2MASS_J WHOLE block_shuffle seed=20260901: 192/256
      CTRL_01_2MASS_J WHOLE block_shuffle seed=20260901: 256/256
      CTRL_01_2MASS_J WHOLE block_shuffle seed=20260902: 64/256
      CTRL_01_2MASS_J WHOLE block_shuffle seed=20260902: 128/256
      CTRL_01_2MASS_J WHOLE block_shuffle seed=20260902: 192/256
      CTRL_01_2MASS_J WHOLE block_shuffle seed=20260902: 256/256
      CTRL_01_2MASS_J WHOLE block_shuffle seed=20260903: 64/256
      CTRL_01_2MASS_J WHOLE block_shuffle seed=20260903: 128/256
      CTRL_01_2MASS_J WHOLE block_shuffle seed=20260903: 192/256
      CTRL_01_2MASS_J WHOLE block_shuffle seed=20260903: 256/256
{"event": "model_complete", "label": "CTRL_01_2MASS_J", "model": "block_shuffle", "p": 0.35370611183355005, "ts_utc": "2026-08-14T18:48:27Z", "variant": "WHOLE"}
{"event": "model_start", "label": "CTRL_01_2MASS_J", "model": "phase_iaaft", "ts_utc": "2026-08-14T18:48:27Z", "variant": "PSEUDO_BELT_CORRIDOR"}
      CTRL_01_2MASS_J PSEUDO_BELT_CORRIDOR phase_iaaft seed=20260901: 64/256
      CTRL_01_2MASS_J PSEUDO_BELT_CORRIDOR phase_iaaft seed=20260901: 128/256
      CTRL_01_2MASS_J PSEUDO_BELT_CORRIDOR phase_iaaft seed=20260901: 192/256
      CTRL_01_2MASS_J PSEUDO_BELT_CORRIDOR phase_iaaft seed=20260901: 256/256
      CTRL_01_2MASS_J PSEUDO_BELT_CORRIDOR phase_iaaft seed=20260902: 64/256
      CTRL_01_2MASS_J PSEUDO_BELT_CORRIDOR phase_iaaft seed=20260902: 128/256
      CTRL_01_2MASS_J PSEUDO_BELT_CORRIDOR phase_iaaft seed=20260902: 192/256
      CTRL_01_2MASS_J PSEUDO_BELT_CORRIDOR phase_iaaft seed=20260902: 256/256
      CTRL_01_2MASS_J PSEUDO_BELT_CORRIDOR phase_iaaft seed=20260903: 64/256
      CTRL_01_2MASS_J PSEUDO_BELT_CORRIDOR phase_iaaft seed=20260903: 128/256
      CTRL_01_2MASS_J PSEUDO_BELT_CORRIDOR phase_iaaft seed=20260903: 192/256
      CTRL_01_2MASS_J PSEUDO_BELT_CORRIDOR phase_iaaft seed=20260903: 256/256
{"event": "model_complete", "label": "CTRL_01_2MASS_J", "model": "phase_iaaft", "p": 0.0013003901170351106, "ts_utc": "2026-08-14T18:48:43Z", "variant": "PSEUDO_BELT_CORRIDOR"}
{"event": "model_start", "label": "CTRL_01_2MASS_J", "model": "block_shuffle", "ts_utc": "2026-08-14T18:48:43Z", "variant": "PSEUDO_BELT_CORRIDOR"}
      CTRL_01_2MASS_J PSEUDO_BELT_CORRIDOR block_shuffle seed=20260901: 64/256
      CTRL_01_2MASS_J PSEUDO_BELT_CORRIDOR block_shuffle seed=20260901: 128/256
      CTRL_01_2MASS_J PSEUDO_BELT_CORRIDOR block_shuffle seed=20260901: 192/256
      CTRL_01_2MASS_J PSEUDO_BELT_CORRIDOR block_shuffle seed=20260901: 256/256
      CTRL_01_2MASS_J PSEUDO_BELT_CORRIDOR block_shuffle seed=20260902: 64/256
      CTRL_01_2MASS_J PSEUDO_BELT_CORRIDOR block_shuffle seed=20260902: 128/256
      CTRL_01_2MASS_J PSEUDO_BELT_CORRIDOR block_shuffle seed=20260902: 192/256
      CTRL_01_2MASS_J PSEUDO_BELT_CORRIDOR block_shuffle seed=20260902: 256/256
      CTRL_01_2MASS_J PSEUDO_BELT_CORRIDOR block_shuffle seed=20260903: 64/256
      CTRL_01_2MASS_J PSEUDO_BELT_CORRIDOR block_shuffle seed=20260903: 128/256
      CTRL_01_2MASS_J PSEUDO_BELT_CORRIDOR block_shuffle seed=20260903: 192/256
      CTRL_01_2MASS_J PSEUDO_BELT_CORRIDOR block_shuffle seed=20260903: 256/256
{"event": "model_complete", "label": "CTRL_01_2MASS_J", "model": "block_shuffle", "p": 0.0013003901170351106, "ts_utc": "2026-08-14T18:48:52Z", "variant": "PSEUDO_BELT_CORRIDOR"}
{"event": "model_start", "label": "CTRL_01_2MASS_K", "model": "phase_iaaft", "ts_utc": "2026-08-14T18:48:52Z", "variant": "WHOLE"}
      CTRL_01_2MASS_K WHOLE phase_iaaft seed=20260901: 64/256
      CTRL_01_2MASS_K WHOLE phase_iaaft seed=20260901: 128/256
      CTRL_01_2MASS_K WHOLE phase_iaaft seed=20260901: 192/256
      CTRL_01_2MASS_K WHOLE phase_iaaft seed=20260901: 256/256
      CTRL_01_2MASS_K WHOLE phase_iaaft seed=20260902: 64/256
      CTRL_01_2MASS_K WHOLE phase_iaaft seed=20260902: 128/256
      CTRL_01_2MASS_K WHOLE phase_iaaft seed=20260902: 192/256
      CTRL_01_2MASS_K WHOLE phase_iaaft seed=20260902: 256/256
      CTRL_01_2MASS_K WHOLE phase_iaaft seed=20260903: 64/256
      CTRL_01_2MASS_K WHOLE phase_iaaft seed=20260903: 128/256
      CTRL_01_2MASS_K WHOLE phase_iaaft seed=20260903: 192/256
      CTRL_01_2MASS_K WHOLE phase_iaaft seed=20260903: 256/256
{"event": "model_complete", "label": "CTRL_01_2MASS_K", "model": "phase_iaaft", "p": 0.0013003901170351106, "ts_utc": "2026-08-14T18:49:09Z", "variant": "WHOLE"}
{"event": "model_start", "label": "CTRL_01_2MASS_K", "model": "block_shuffle", "ts_utc": "2026-08-14T18:49:09Z", "variant": "WHOLE"}
      CTRL_01_2MASS_K WHOLE block_shuffle seed=20260901: 64/256
      CTRL_01_2MASS_K WHOLE block_shuffle seed=20260901: 128/256
      CTRL_01_2MASS_K WHOLE block_shuffle seed=20260901: 192/256
      CTRL_01_2MASS_K WHOLE block_shuffle seed=20260901: 256/256
      CTRL_01_2MASS_K WHOLE block_shuffle seed=20260902: 64/256
      CTRL_01_2MASS_K WHOLE block_shuffle seed=20260902: 128/256
      CTRL_01_2MASS_K WHOLE block_shuffle seed=20260902: 192/256
      CTRL_01_2MASS_K WHOLE block_shuffle seed=20260902: 256/256
      CTRL_01_2MASS_K WHOLE block_shuffle seed=20260903: 64/256
      CTRL_01_2MASS_K WHOLE block_shuffle seed=20260903: 128/256
      CTRL_01_2MASS_K WHOLE block_shuffle seed=20260903: 192/256
      CTRL_01_2MASS_K WHOLE block_shuffle seed=20260903: 256/256
{"event": "model_complete", "label": "CTRL_01_2MASS_K", "model": "block_shuffle", "p": 0.21196358907672302, "ts_utc": "2026-08-14T18:49:18Z", "variant": "WHOLE"}
{"event": "model_start", "label": "CTRL_01_2MASS_K", "model": "phase_iaaft", "ts_utc": "2026-08-14T18:49:18Z", "variant": "PSEUDO_BELT_CORRIDOR"}
      CTRL_01_2MASS_K PSEUDO_BELT_CORRIDOR phase_iaaft seed=20260901: 64/256
      CTRL_01_2MASS_K PSEUDO_BELT_CORRIDOR phase_iaaft seed=20260901: 128/256
      CTRL_01_2MASS_K PSEUDO_BELT_CORRIDOR phase_iaaft seed=20260901: 192/256
      CTRL_01_2MASS_K PSEUDO_BELT_CORRIDOR phase_iaaft seed=20260901: 256/256
      CTRL_01_2MASS_K PSEUDO_BELT_CORRIDOR phase_iaaft seed=20260902: 64/256
      CTRL_01_2MASS_K PSEUDO_BELT_CORRIDOR phase_iaaft seed=20260902: 128/256
      CTRL_01_2MASS_K PSEUDO_BELT_CORRIDOR phase_iaaft seed=20260902: 192/256
      CTRL_01_2MASS_K PSEUDO_BELT_CORRIDOR phase_iaaft seed=20260902: 256/256
      CTRL_01_2MASS_K PSEUDO_BELT_CORRIDOR phase_iaaft seed=20260903: 64/256
      CTRL_01_2MASS_K PSEUDO_BELT_CORRIDOR phase_iaaft seed=20260903: 128/256
      CTRL_01_2MASS_K PSEUDO_BELT_CORRIDOR phase_iaaft seed=20260903: 192/256
      CTRL_01_2MASS_K PSEUDO_BELT_CORRIDOR phase_iaaft seed=20260903: 256/256
{"event": "model_complete", "label": "CTRL_01_2MASS_K", "model": "phase_iaaft", "p": 0.0013003901170351106, "ts_utc": "2026-08-14T18:49:39Z", "variant": "PSEUDO_BELT_CORRIDOR"}
{"event": "model_start", "label": "CTRL_01_2MASS_K", "model": "block_shuffle", "ts_utc": "2026-08-14T18:49:39Z", "variant": "PSEUDO_BELT_CORRIDOR"}
      CTRL_01_2MASS_K PSEUDO_BELT_CORRIDOR block_shuffle seed=20260901: 64/256
      CTRL_01_2MASS_K PSEUDO_BELT_CORRIDOR block_shuffle seed=20260901: 128/256
      CTRL_01_2MASS_K PSEUDO_BELT_CORRIDOR block_shuffle seed=20260901: 192/256
      CTRL_01_2MASS_K PSEUDO_BELT_CORRIDOR block_shuffle seed=20260901: 256/256
      CTRL_01_2MASS_K PSEUDO_BELT_CORRIDOR block_shuffle seed=20260902: 64/256
      CTRL_01_2MASS_K PSEUDO_BELT_CORRIDOR block_shuffle seed=20260902: 128/256
      CTRL_01_2MASS_K PSEUDO_BELT_CORRIDOR block_shuffle seed=20260902: 192/256
      CTRL_01_2MASS_K PSEUDO_BELT_CORRIDOR block_shuffle seed=20260902: 256/256
      CTRL_01_2MASS_K PSEUDO_BELT_CORRIDOR block_shuffle seed=20260903: 64/256
      CTRL_01_2MASS_K PSEUDO_BELT_CORRIDOR block_shuffle seed=20260903: 128/256
      CTRL_01_2MASS_K PSEUDO_BELT_CORRIDOR block_shuffle seed=20260903: 192/256
      CTRL_01_2MASS_K PSEUDO_BELT_CORRIDOR block_shuffle seed=20260903: 256/256
{"event": "model_complete", "label": "CTRL_01_2MASS_K", "model": "block_shuffle", "p": 0.0013003901170351106, "ts_utc": "2026-08-14T18:49:48Z", "variant": "PSEUDO_BELT_CORRIDOR"}
{"event": "model_start", "label": "CTRL_02_DSS2_RED", "model": "phase_iaaft", "ts_utc": "2026-08-14T18:49:48Z", "variant": "WHOLE"}
      CTRL_02_DSS2_RED WHOLE phase_iaaft seed=20260901: 64/256
      CTRL_02_DSS2_RED WHOLE phase_iaaft seed=20260901: 128/256
      CTRL_02_DSS2_RED WHOLE phase_iaaft seed=20260901: 192/256
      CTRL_02_DSS2_RED WHOLE phase_iaaft seed=20260901: 256/256
      CTRL_02_DSS2_RED WHOLE phase_iaaft seed=20260902: 64/256
      CTRL_02_DSS2_RED WHOLE phase_iaaft seed=20260902: 128/256
      CTRL_02_DSS2_RED WHOLE phase_iaaft seed=20260902: 192/256
      CTRL_02_DSS2_RED WHOLE phase_iaaft seed=20260902: 256/256
      CTRL_02_DSS2_RED WHOLE phase_iaaft seed=20260903: 64/256
      CTRL_02_DSS2_RED WHOLE phase_iaaft seed=20260903: 128/256
      CTRL_02_DSS2_RED WHOLE phase_iaaft seed=20260903: 192/256
      CTRL_02_DSS2_RED WHOLE phase_iaaft seed=20260903: 256/256
{"event": "model_complete", "label": "CTRL_02_DSS2_RED", "model": "phase_iaaft", "p": 0.0013003901170351106, "ts_utc": "2026-08-14T18:50:04Z", "variant": "WHOLE"}
{"event": "model_start", "label": "CTRL_02_DSS2_RED", "model": "block_shuffle", "ts_utc": "2026-08-14T18:50:04Z", "variant": "WHOLE"}
      CTRL_02_DSS2_RED WHOLE block_shuffle seed=20260901: 64/256
      CTRL_02_DSS2_RED WHOLE block_shuffle seed=20260901: 128/256
      CTRL_02_DSS2_RED WHOLE block_shuffle seed=20260901: 192/256
      CTRL_02_DSS2_RED WHOLE block_shuffle seed=20260901: 256/256
      CTRL_02_DSS2_RED WHOLE block_shuffle seed=20260902: 64/256
      CTRL_02_DSS2_RED WHOLE block_shuffle seed=20260902: 128/256
      CTRL_02_DSS2_RED WHOLE block_shuffle seed=20260902: 192/256
      CTRL_02_DSS2_RED WHOLE block_shuffle seed=20260902: 256/256
      CTRL_02_DSS2_RED WHOLE block_shuffle seed=20260903: 64/256
      CTRL_02_DSS2_RED WHOLE block_shuffle seed=20260903: 128/256
      CTRL_02_DSS2_RED WHOLE block_shuffle seed=20260903: 192/256
      CTRL_02_DSS2_RED WHOLE block_shuffle seed=20260903: 256/256
{"event": "model_complete", "label": "CTRL_02_DSS2_RED", "model": "block_shuffle", "p": 0.0013003901170351106, "ts_utc": "2026-08-14T18:50:13Z", "variant": "WHOLE"}
{"event": "model_start", "label": "CTRL_02_DSS2_RED", "model": "phase_iaaft", "ts_utc": "2026-08-14T18:50:13Z", "variant": "PSEUDO_BELT_CORRIDOR"}
      CTRL_02_DSS2_RED PSEUDO_BELT_CORRIDOR phase_iaaft seed=20260901: 64/256
      CTRL_02_DSS2_RED PSEUDO_BELT_CORRIDOR phase_iaaft seed=20260901: 128/256
      CTRL_02_DSS2_RED PSEUDO_BELT_CORRIDOR phase_iaaft seed=20260901: 192/256
      CTRL_02_DSS2_RED PSEUDO_BELT_CORRIDOR phase_iaaft seed=20260901: 256/256
      CTRL_02_DSS2_RED PSEUDO_BELT_CORRIDOR phase_iaaft seed=20260902: 64/256
      CTRL_02_DSS2_RED PSEUDO_BELT_CORRIDOR phase_iaaft seed=20260902: 128/256
      CTRL_02_DSS2_RED PSEUDO_BELT_CORRIDOR phase_iaaft seed=20260902: 192/256
      CTRL_02_DSS2_RED PSEUDO_BELT_CORRIDOR phase_iaaft seed=20260902: 256/256
      CTRL_02_DSS2_RED PSEUDO_BELT_CORRIDOR phase_iaaft seed=20260903: 64/256
      CTRL_02_DSS2_RED PSEUDO_BELT_CORRIDOR phase_iaaft seed=20260903: 128/256
      CTRL_02_DSS2_RED PSEUDO_BELT_CORRIDOR phase_iaaft seed=20260903: 192/256
      CTRL_02_DSS2_RED PSEUDO_BELT_CORRIDOR phase_iaaft seed=20260903: 256/256
{"event": "model_complete", "label": "CTRL_02_DSS2_RED", "model": "phase_iaaft", "p": 0.0013003901170351106, "ts_utc": "2026-08-14T18:50:30Z", "variant": "PSEUDO_BELT_CORRIDOR"}
{"event": "model_start", "label": "CTRL_02_DSS2_RED", "model": "block_shuffle", "ts_utc": "2026-08-14T18:50:30Z", "variant": "PSEUDO_BELT_CORRIDOR"}
      CTRL_02_DSS2_RED PSEUDO_BELT_CORRIDOR block_shuffle seed=20260901: 64/256
      CTRL_02_DSS2_RED PSEUDO_BELT_CORRIDOR block_shuffle seed=20260901: 128/256
      CTRL_02_DSS2_RED PSEUDO_BELT_CORRIDOR block_shuffle seed=20260901: 192/256
      CTRL_02_DSS2_RED PSEUDO_BELT_CORRIDOR block_shuffle seed=20260901: 256/256
      CTRL_02_DSS2_RED PSEUDO_BELT_CORRIDOR block_shuffle seed=20260902: 64/256
      CTRL_02_DSS2_RED PSEUDO_BELT_CORRIDOR block_shuffle seed=20260902: 128/256
      CTRL_02_DSS2_RED PSEUDO_BELT_CORRIDOR block_shuffle seed=20260902: 192/256
      CTRL_02_DSS2_RED PSEUDO_BELT_CORRIDOR block_shuffle seed=20260902: 256/256
      CTRL_02_DSS2_RED PSEUDO_BELT_CORRIDOR block_shuffle seed=20260903: 64/256
      CTRL_02_DSS2_RED PSEUDO_BELT_CORRIDOR block_shuffle seed=20260903: 128/256
      CTRL_02_DSS2_RED PSEUDO_BELT_CORRIDOR block_shuffle seed=20260903: 192/256
      CTRL_02_DSS2_RED PSEUDO_BELT_CORRIDOR block_shuffle seed=20260903: 256/256
{"event": "model_complete", "label": "CTRL_02_DSS2_RED", "model": "block_shuffle", "p": 0.0013003901170351106, "ts_utc": "2026-08-14T18:50:39Z", "variant": "PSEUDO_BELT_CORRIDOR"}
{"event": "model_start", "label": "CTRL_02_DSS2_BLUE", "model": "phase_iaaft", "ts_utc": "2026-08-14T18:50:39Z", "variant": "WHOLE"}
      CTRL_02_DSS2_BLUE WHOLE phase_iaaft seed=20260901: 64/256
      CTRL_02_DSS2_BLUE WHOLE phase_iaaft seed=20260901: 128/256
      CTRL_02_DSS2_BLUE WHOLE phase_iaaft seed=20260901: 192/256
      CTRL_02_DSS2_BLUE WHOLE phase_iaaft seed=20260901: 256/256
      CTRL_02_DSS2_BLUE WHOLE phase_iaaft seed=20260902: 64/256
      CTRL_02_DSS2_BLUE WHOLE phase_iaaft seed=20260902: 128/256
      CTRL_02_DSS2_BLUE WHOLE phase_iaaft seed=20260902: 192/256
      CTRL_02_DSS2_BLUE WHOLE phase_iaaft seed=20260902: 256/256
      CTRL_02_DSS2_BLUE WHOLE phase_iaaft seed=20260903: 64/256
      CTRL_02_DSS2_BLUE WHOLE phase_iaaft seed=20260903: 128/256
      CTRL_02_DSS2_BLUE WHOLE phase_iaaft seed=20260903: 192/256
      CTRL_02_DSS2_BLUE WHOLE phase_iaaft seed=20260903: 256/256
{"event": "model_complete", "label": "CTRL_02_DSS2_BLUE", "model": "phase_iaaft", "p": 0.0013003901170351106, "ts_utc": "2026-08-14T18:50:55Z", "variant": "WHOLE"}
{"event": "model_start", "label": "CTRL_02_DSS2_BLUE", "model": "block_shuffle", "ts_utc": "2026-08-14T18:50:55Z", "variant": "WHOLE"}
      CTRL_02_DSS2_BLUE WHOLE block_shuffle seed=20260901: 64/256
      CTRL_02_DSS2_BLUE WHOLE block_shuffle seed=20260901: 128/256
      CTRL_02_DSS2_BLUE WHOLE block_shuffle seed=20260901: 192/256
      CTRL_02_DSS2_BLUE WHOLE block_shuffle seed=20260901: 256/256
      CTRL_02_DSS2_BLUE WHOLE block_shuffle seed=20260902: 64/256
      CTRL_02_DSS2_BLUE WHOLE block_shuffle seed=20260902: 128/256
      CTRL_02_DSS2_BLUE WHOLE block_shuffle seed=20260902: 192/256
      CTRL_02_DSS2_BLUE WHOLE block_shuffle seed=20260902: 256/256
      CTRL_02_DSS2_BLUE WHOLE block_shuffle seed=20260903: 64/256
      CTRL_02_DSS2_BLUE WHOLE block_shuffle seed=20260903: 128/256
      CTRL_02_DSS2_BLUE WHOLE block_shuffle seed=20260903: 192/256
      CTRL_02_DSS2_BLUE WHOLE block_shuffle seed=20260903: 256/256
{"event": "model_complete", "label": "CTRL_02_DSS2_BLUE", "model": "block_shuffle", "p": 0.0013003901170351106, "ts_utc": "2026-08-14T18:51:04Z", "variant": "WHOLE"}
{"event": "model_start", "label": "CTRL_02_DSS2_BLUE", "model": "phase_iaaft", "ts_utc": "2026-08-14T18:51:04Z", "variant": "PSEUDO_BELT_CORRIDOR"}
      CTRL_02_DSS2_BLUE PSEUDO_BELT_CORRIDOR phase_iaaft seed=20260901: 64/256
      CTRL_02_DSS2_BLUE PSEUDO_BELT_CORRIDOR phase_iaaft seed=20260901: 128/256
      CTRL_02_DSS2_BLUE PSEUDO_BELT_CORRIDOR phase_iaaft seed=20260901: 192/256
      CTRL_02_DSS2_BLUE PSEUDO_BELT_CORRIDOR phase_iaaft seed=20260901: 256/256
      CTRL_02_DSS2_BLUE PSEUDO_BELT_CORRIDOR phase_iaaft seed=20260902: 64/256
      CTRL_02_DSS2_BLUE PSEUDO_BELT_CORRIDOR phase_iaaft seed=20260902: 128/256
      CTRL_02_DSS2_BLUE PSEUDO_BELT_CORRIDOR phase_iaaft seed=20260902: 192/256
      CTRL_02_DSS2_BLUE PSEUDO_BELT_CORRIDOR phase_iaaft seed=20260902: 256/256
      CTRL_02_DSS2_BLUE PSEUDO_BELT_CORRIDOR phase_iaaft seed=20260903: 64/256
      CTRL_02_DSS2_BLUE PSEUDO_BELT_CORRIDOR phase_iaaft seed=20260903: 128/256
      CTRL_02_DSS2_BLUE PSEUDO_BELT_CORRIDOR phase_iaaft seed=20260903: 192/256
      CTRL_02_DSS2_BLUE PSEUDO_BELT_CORRIDOR phase_iaaft seed=20260903: 256/256
{"event": "model_complete", "label": "CTRL_02_DSS2_BLUE", "model": "phase_iaaft", "p": 0.0013003901170351106, "ts_utc": "2026-08-14T18:51:25Z", "variant": "PSEUDO_BELT_CORRIDOR"}
{"event": "model_start", "label": "CTRL_02_DSS2_BLUE", "model": "block_shuffle", "ts_utc": "2026-08-14T18:51:25Z", "variant": "PSEUDO_BELT_CORRIDOR"}
      CTRL_02_DSS2_BLUE PSEUDO_BELT_CORRIDOR block_shuffle seed=20260901: 64/256
      CTRL_02_DSS2_BLUE PSEUDO_BELT_CORRIDOR block_shuffle seed=20260901: 128/256
      CTRL_02_DSS2_BLUE PSEUDO_BELT_CORRIDOR block_shuffle seed=20260901: 192/256
      CTRL_02_DSS2_BLUE PSEUDO_BELT_CORRIDOR block_shuffle seed=20260901: 256/256
      CTRL_02_DSS2_BLUE PSEUDO_BELT_CORRIDOR block_shuffle seed=20260902: 64/256
      CTRL_02_DSS2_BLUE PSEUDO_BELT_CORRIDOR block_shuffle seed=20260902: 128/256
      CTRL_02_DSS2_BLUE PSEUDO_BELT_CORRIDOR block_shuffle seed=20260902: 192/256
      CTRL_02_DSS2_BLUE PSEUDO_BELT_CORRIDOR block_shuffle seed=20260902: 256/256
      CTRL_02_DSS2_BLUE PSEUDO_BELT_CORRIDOR block_shuffle seed=20260903: 64/256
      CTRL_02_DSS2_BLUE PSEUDO_BELT_CORRIDOR block_shuffle seed=20260903: 128/256
      CTRL_02_DSS2_BLUE PSEUDO_BELT_CORRIDOR block_shuffle seed=20260903: 192/256
      CTRL_02_DSS2_BLUE PSEUDO_BELT_CORRIDOR block_shuffle seed=20260903: 256/256
{"event": "model_complete", "label": "CTRL_02_DSS2_BLUE", "model": "block_shuffle", "p": 0.0013003901170351106, "ts_utc": "2026-08-14T18:51:34Z", "variant": "PSEUDO_BELT_CORRIDOR"}
{"event": "model_start", "label": "CTRL_02_2MASS_J", "model": "phase_iaaft", "ts_utc": "2026-08-14T18:51:34Z", "variant": "WHOLE"}
      CTRL_02_2MASS_J WHOLE phase_iaaft seed=20260901: 64/256
      CTRL_02_2MASS_J WHOLE phase_iaaft seed=20260901: 128/256
      CTRL_02_2MASS_J WHOLE phase_iaaft seed=20260901: 192/256
      CTRL_02_2MASS_J WHOLE phase_iaaft seed=20260901: 256/256
      CTRL_02_2MASS_J WHOLE phase_iaaft seed=20260902: 64/256
      CTRL_02_2MASS_J WHOLE phase_iaaft seed=20260902: 128/256
      CTRL_02_2MASS_J WHOLE phase_iaaft seed=20260902: 192/256
      CTRL_02_2MASS_J WHOLE phase_iaaft seed=20260902: 256/256
      CTRL_02_2MASS_J WHOLE phase_iaaft seed=20260903: 64/256
      CTRL_02_2MASS_J WHOLE phase_iaaft seed=20260903: 128/256
      CTRL_02_2MASS_J WHOLE phase_iaaft seed=20260903: 192/256
      CTRL_02_2MASS_J WHOLE phase_iaaft seed=20260903: 256/256
{"event": "model_complete", "label": "CTRL_02_2MASS_J", "model": "phase_iaaft", "p": 0.0013003901170351106, "ts_utc": "2026-08-14T18:51:51Z", "variant": "WHOLE"}
{"event": "model_start", "label": "CTRL_02_2MASS_J", "model": "block_shuffle", "ts_utc": "2026-08-14T18:51:51Z", "variant": "WHOLE"}
      CTRL_02_2MASS_J WHOLE block_shuffle seed=20260901: 64/256
      CTRL_02_2MASS_J WHOLE block_shuffle seed=20260901: 128/256
      CTRL_02_2MASS_J WHOLE block_shuffle seed=20260901: 192/256
      CTRL_02_2MASS_J WHOLE block_shuffle seed=20260901: 256/256
      CTRL_02_2MASS_J WHOLE block_shuffle seed=20260902: 64/256
      CTRL_02_2MASS_J WHOLE block_shuffle seed=20260902: 128/256
      CTRL_02_2MASS_J WHOLE block_shuffle seed=20260902: 192/256
      CTRL_02_2MASS_J WHOLE block_shuffle seed=20260902: 256/256
      CTRL_02_2MASS_J WHOLE block_shuffle seed=20260903: 64/256
      CTRL_02_2MASS_J WHOLE block_shuffle seed=20260903: 128/256
      CTRL_02_2MASS_J WHOLE block_shuffle seed=20260903: 192/256
      CTRL_02_2MASS_J WHOLE block_shuffle seed=20260903: 256/256
{"event": "model_complete", "label": "CTRL_02_2MASS_J", "model": "block_shuffle", "p": 0.0039011703511053317, "ts_utc": "2026-08-14T18:52:00Z", "variant": "WHOLE"}
{"event": "model_start", "label": "CTRL_02_2MASS_J", "model": "phase_iaaft", "ts_utc": "2026-08-14T18:52:00Z", "variant": "PSEUDO_BELT_CORRIDOR"}
      CTRL_02_2MASS_J PSEUDO_BELT_CORRIDOR phase_iaaft seed=20260901: 64/256
      CTRL_02_2MASS_J PSEUDO_BELT_CORRIDOR phase_iaaft seed=20260901: 128/256
      CTRL_02_2MASS_J PSEUDO_BELT_CORRIDOR phase_iaaft seed=20260901: 192/256
      CTRL_02_2MASS_J PSEUDO_BELT_CORRIDOR phase_iaaft seed=20260901: 256/256
      CTRL_02_2MASS_J PSEUDO_BELT_CORRIDOR phase_iaaft seed=20260902: 64/256
      CTRL_02_2MASS_J PSEUDO_BELT_CORRIDOR phase_iaaft seed=20260902: 128/256
      CTRL_02_2MASS_J PSEUDO_BELT_CORRIDOR phase_iaaft seed=20260902: 192/256
      CTRL_02_2MASS_J PSEUDO_BELT_CORRIDOR phase_iaaft seed=20260902: 256/256
      CTRL_02_2MASS_J PSEUDO_BELT_CORRIDOR phase_iaaft seed=20260903: 64/256
      CTRL_02_2MASS_J PSEUDO_BELT_CORRIDOR phase_iaaft seed=20260903: 128/256
      CTRL_02_2MASS_J PSEUDO_BELT_CORRIDOR phase_iaaft seed=20260903: 192/256
      CTRL_02_2MASS_J PSEUDO_BELT_CORRIDOR phase_iaaft seed=20260903: 256/256
{"event": "model_complete", "label": "CTRL_02_2MASS_J", "model": "phase_iaaft", "p": 0.0013003901170351106, "ts_utc": "2026-08-14T18:52:16Z", "variant": "PSEUDO_BELT_CORRIDOR"}
{"event": "model_start", "label": "CTRL_02_2MASS_J", "model": "block_shuffle", "ts_utc": "2026-08-14T18:52:16Z", "variant": "PSEUDO_BELT_CORRIDOR"}
      CTRL_02_2MASS_J PSEUDO_BELT_CORRIDOR block_shuffle seed=20260901: 64/256
      CTRL_02_2MASS_J PSEUDO_BELT_CORRIDOR block_shuffle seed=20260901: 128/256
      CTRL_02_2MASS_J PSEUDO_BELT_CORRIDOR block_shuffle seed=20260901: 192/256
      CTRL_02_2MASS_J PSEUDO_BELT_CORRIDOR block_shuffle seed=20260901: 256/256
      CTRL_02_2MASS_J PSEUDO_BELT_CORRIDOR block_shuffle seed=20260902: 64/256
      CTRL_02_2MASS_J PSEUDO_BELT_CORRIDOR block_shuffle seed=20260902: 128/256
      CTRL_02_2MASS_J PSEUDO_BELT_CORRIDOR block_shuffle seed=20260902: 192/256
      CTRL_02_2MASS_J PSEUDO_BELT_CORRIDOR block_shuffle seed=20260902: 256/256
      CTRL_02_2MASS_J PSEUDO_BELT_CORRIDOR block_shuffle seed=20260903: 64/256
      CTRL_02_2MASS_J PSEUDO_BELT_CORRIDOR block_shuffle seed=20260903: 128/256
      CTRL_02_2MASS_J PSEUDO_BELT_CORRIDOR block_shuffle seed=20260903: 192/256
      CTRL_02_2MASS_J PSEUDO_BELT_CORRIDOR block_shuffle seed=20260903: 256/256
{"event": "model_complete", "label": "CTRL_02_2MASS_J", "model": "block_shuffle", "p": 0.0013003901170351106, "ts_utc": "2026-08-14T18:52:25Z", "variant": "PSEUDO_BELT_CORRIDOR"}
{"event": "model_start", "label": "CTRL_02_2MASS_K", "model": "phase_iaaft", "ts_utc": "2026-08-14T18:52:25Z", "variant": "WHOLE"}
      CTRL_02_2MASS_K WHOLE phase_iaaft seed=20260901: 64/256
      CTRL_02_2MASS_K WHOLE phase_iaaft seed=20260901: 128/256
      CTRL_02_2MASS_K WHOLE phase_iaaft seed=20260901: 192/256
      CTRL_02_2MASS_K WHOLE phase_iaaft seed=20260901: 256/256
      CTRL_02_2MASS_K WHOLE phase_iaaft seed=20260902: 64/256
      CTRL_02_2MASS_K WHOLE phase_iaaft seed=20260902: 128/256
      CTRL_02_2MASS_K WHOLE phase_iaaft seed=20260902: 192/256
      CTRL_02_2MASS_K WHOLE phase_iaaft seed=20260902: 256/256
      CTRL_02_2MASS_K WHOLE phase_iaaft seed=20260903: 64/256
      CTRL_02_2MASS_K WHOLE phase_iaaft seed=20260903: 128/256
      CTRL_02_2MASS_K WHOLE phase_iaaft seed=20260903: 192/256
      CTRL_02_2MASS_K WHOLE phase_iaaft seed=20260903: 256/256
{"event": "model_complete", "label": "CTRL_02_2MASS_K", "model": "phase_iaaft", "p": 0.009102730819245773, "ts_utc": "2026-08-14T18:52:42Z", "variant": "WHOLE"}
{"event": "model_start", "label": "CTRL_02_2MASS_K", "model": "block_shuffle", "ts_utc": "2026-08-14T18:52:42Z", "variant": "WHOLE"}
      CTRL_02_2MASS_K WHOLE block_shuffle seed=20260901: 64/256
      CTRL_02_2MASS_K WHOLE block_shuffle seed=20260901: 128/256
      CTRL_02_2MASS_K WHOLE block_shuffle seed=20260901: 192/256
      CTRL_02_2MASS_K WHOLE block_shuffle seed=20260901: 256/256
      CTRL_02_2MASS_K WHOLE block_shuffle seed=20260902: 64/256
      CTRL_02_2MASS_K WHOLE block_shuffle seed=20260902: 128/256
      CTRL_02_2MASS_K WHOLE block_shuffle seed=20260902: 192/256
      CTRL_02_2MASS_K WHOLE block_shuffle seed=20260902: 256/256
      CTRL_02_2MASS_K WHOLE block_shuffle seed=20260903: 64/256
      CTRL_02_2MASS_K WHOLE block_shuffle seed=20260903: 128/256
      CTRL_02_2MASS_K WHOLE block_shuffle seed=20260903: 192/256
      CTRL_02_2MASS_K WHOLE block_shuffle seed=20260903: 256/256
{"event": "model_complete", "label": "CTRL_02_2MASS_K", "model": "block_shuffle", "p": 0.045513654096228866, "ts_utc": "2026-08-14T18:52:51Z", "variant": "WHOLE"}
{"event": "model_start", "label": "CTRL_02_2MASS_K", "model": "phase_iaaft", "ts_utc": "2026-08-14T18:52:51Z", "variant": "PSEUDO_BELT_CORRIDOR"}
      CTRL_02_2MASS_K PSEUDO_BELT_CORRIDOR phase_iaaft seed=20260901: 64/256
      CTRL_02_2MASS_K PSEUDO_BELT_CORRIDOR phase_iaaft seed=20260901: 128/256
      CTRL_02_2MASS_K PSEUDO_BELT_CORRIDOR phase_iaaft seed=20260901: 192/256
      CTRL_02_2MASS_K PSEUDO_BELT_CORRIDOR phase_iaaft seed=20260901: 256/256
      CTRL_02_2MASS_K PSEUDO_BELT_CORRIDOR phase_iaaft seed=20260902: 64/256
      CTRL_02_2MASS_K PSEUDO_BELT_CORRIDOR phase_iaaft seed=20260902: 128/256
      CTRL_02_2MASS_K PSEUDO_BELT_CORRIDOR phase_iaaft seed=20260902: 192/256
      CTRL_02_2MASS_K PSEUDO_BELT_CORRIDOR phase_iaaft seed=20260902: 256/256
      CTRL_02_2MASS_K PSEUDO_BELT_CORRIDOR phase_iaaft seed=20260903: 64/256
      CTRL_02_2MASS_K PSEUDO_BELT_CORRIDOR phase_iaaft seed=20260903: 128/256
      CTRL_02_2MASS_K PSEUDO_BELT_CORRIDOR phase_iaaft seed=20260903: 192/256
      CTRL_02_2MASS_K PSEUDO_BELT_CORRIDOR phase_iaaft seed=20260903: 256/256
{"event": "model_complete", "label": "CTRL_02_2MASS_K", "model": "phase_iaaft", "p": 0.0013003901170351106, "ts_utc": "2026-08-14T18:53:08Z", "variant": "PSEUDO_BELT_CORRIDOR"}
{"event": "model_start", "label": "CTRL_02_2MASS_K", "model": "block_shuffle", "ts_utc": "2026-08-14T18:53:08Z", "variant": "PSEUDO_BELT_CORRIDOR"}
      CTRL_02_2MASS_K PSEUDO_BELT_CORRIDOR block_shuffle seed=20260901: 64/256
      CTRL_02_2MASS_K PSEUDO_BELT_CORRIDOR block_shuffle seed=20260901: 128/256
      CTRL_02_2MASS_K PSEUDO_BELT_CORRIDOR block_shuffle seed=20260901: 192/256
      CTRL_02_2MASS_K PSEUDO_BELT_CORRIDOR block_shuffle seed=20260901: 256/256
      CTRL_02_2MASS_K PSEUDO_BELT_CORRIDOR block_shuffle seed=20260902: 64/256
      CTRL_02_2MASS_K PSEUDO_BELT_CORRIDOR block_shuffle seed=20260902: 128/256
      CTRL_02_2MASS_K PSEUDO_BELT_CORRIDOR block_shuffle seed=20260902: 192/256
      CTRL_02_2MASS_K PSEUDO_BELT_CORRIDOR block_shuffle seed=20260902: 256/256
      CTRL_02_2MASS_K PSEUDO_BELT_CORRIDOR block_shuffle seed=20260903: 64/256
      CTRL_02_2MASS_K PSEUDO_BELT_CORRIDOR block_shuffle seed=20260903: 128/256
      CTRL_02_2MASS_K PSEUDO_BELT_CORRIDOR block_shuffle seed=20260903: 192/256
      CTRL_02_2MASS_K PSEUDO_BELT_CORRIDOR block_shuffle seed=20260903: 256/256
{"event": "model_complete", "label": "CTRL_02_2MASS_K", "model": "block_shuffle", "p": 0.0013003901170351106, "ts_utc": "2026-08-14T18:53:17Z", "variant": "PSEUDO_BELT_CORRIDOR"}
{"event": "model_start", "label": "CTRL_03_DSS2_RED", "model": "phase_iaaft", "ts_utc": "2026-08-14T18:53:17Z", "variant": "WHOLE"}
      CTRL_03_DSS2_RED WHOLE phase_iaaft seed=20260901: 64/256
      CTRL_03_DSS2_RED WHOLE phase_iaaft seed=20260901: 128/256
      CTRL_03_DSS2_RED WHOLE phase_iaaft seed=20260901: 192/256
      CTRL_03_DSS2_RED WHOLE phase_iaaft seed=20260901: 256/256
      CTRL_03_DSS2_RED WHOLE phase_iaaft seed=20260902: 64/256
      CTRL_03_DSS2_RED WHOLE phase_iaaft seed=20260902: 128/256
      CTRL_03_DSS2_RED WHOLE phase_iaaft seed=20260902: 192/256
      CTRL_03_DSS2_RED WHOLE phase_iaaft seed=20260902: 256/256
      CTRL_03_DSS2_RED WHOLE phase_iaaft seed=20260903: 64/256
      CTRL_03_DSS2_RED WHOLE phase_iaaft seed=20260903: 128/256
      CTRL_03_DSS2_RED WHOLE phase_iaaft seed=20260903: 192/256
      CTRL_03_DSS2_RED WHOLE phase_iaaft seed=20260903: 256/256
{"event": "model_complete", "label": "CTRL_03_DSS2_RED", "model": "phase_iaaft", "p": 0.0013003901170351106, "ts_utc": "2026-08-14T18:53:34Z", "variant": "WHOLE"}
{"event": "model_start", "label": "CTRL_03_DSS2_RED", "model": "block_shuffle", "ts_utc": "2026-08-14T18:53:34Z", "variant": "WHOLE"}
      CTRL_03_DSS2_RED WHOLE block_shuffle seed=20260901: 64/256
      CTRL_03_DSS2_RED WHOLE block_shuffle seed=20260901: 128/256
      CTRL_03_DSS2_RED WHOLE block_shuffle seed=20260901: 192/256
      CTRL_03_DSS2_RED WHOLE block_shuffle seed=20260901: 256/256
      CTRL_03_DSS2_RED WHOLE block_shuffle seed=20260902: 64/256
      CTRL_03_DSS2_RED WHOLE block_shuffle seed=20260902: 128/256
      CTRL_03_DSS2_RED WHOLE block_shuffle seed=20260902: 192/256
      CTRL_03_DSS2_RED WHOLE block_shuffle seed=20260902: 256/256
      CTRL_03_DSS2_RED WHOLE block_shuffle seed=20260903: 64/256
      CTRL_03_DSS2_RED WHOLE block_shuffle seed=20260903: 128/256
      CTRL_03_DSS2_RED WHOLE block_shuffle seed=20260903: 192/256
      CTRL_03_DSS2_RED WHOLE block_shuffle seed=20260903: 256/256
{"event": "model_complete", "label": "CTRL_03_DSS2_RED", "model": "block_shuffle", "p": 0.0013003901170351106, "ts_utc": "2026-08-14T18:53:42Z", "variant": "WHOLE"}
{"event": "model_start", "label": "CTRL_03_DSS2_RED", "model": "phase_iaaft", "ts_utc": "2026-08-14T18:53:42Z", "variant": "PSEUDO_BELT_CORRIDOR"}
      CTRL_03_DSS2_RED PSEUDO_BELT_CORRIDOR phase_iaaft seed=20260901: 64/256
      CTRL_03_DSS2_RED PSEUDO_BELT_CORRIDOR phase_iaaft seed=20260901: 128/256
      CTRL_03_DSS2_RED PSEUDO_BELT_CORRIDOR phase_iaaft seed=20260901: 192/256
      CTRL_03_DSS2_RED PSEUDO_BELT_CORRIDOR phase_iaaft seed=20260901: 256/256
      CTRL_03_DSS2_RED PSEUDO_BELT_CORRIDOR phase_iaaft seed=20260902: 64/256
      CTRL_03_DSS2_RED PSEUDO_BELT_CORRIDOR phase_iaaft seed=20260902: 128/256
      CTRL_03_DSS2_RED PSEUDO_BELT_CORRIDOR phase_iaaft seed=20260902: 192/256
      CTRL_03_DSS2_RED PSEUDO_BELT_CORRIDOR phase_iaaft seed=20260902: 256/256
      CTRL_03_DSS2_RED PSEUDO_BELT_CORRIDOR phase_iaaft seed=20260903: 64/256
      CTRL_03_DSS2_RED PSEUDO_BELT_CORRIDOR phase_iaaft seed=20260903: 128/256
      CTRL_03_DSS2_RED PSEUDO_BELT_CORRIDOR phase_iaaft seed=20260903: 192/256
      CTRL_03_DSS2_RED PSEUDO_BELT_CORRIDOR phase_iaaft seed=20260903: 256/256
{"event": "model_complete", "label": "CTRL_03_DSS2_RED", "model": "phase_iaaft", "p": 0.0013003901170351106, "ts_utc": "2026-08-14T18:53:59Z", "variant": "PSEUDO_BELT_CORRIDOR"}
{"event": "model_start", "label": "CTRL_03_DSS2_RED", "model": "block_shuffle", "ts_utc": "2026-08-14T18:53:59Z", "variant": "PSEUDO_BELT_CORRIDOR"}
      CTRL_03_DSS2_RED PSEUDO_BELT_CORRIDOR block_shuffle seed=20260901: 64/256
      CTRL_03_DSS2_RED PSEUDO_BELT_CORRIDOR block_shuffle seed=20260901: 128/256
      CTRL_03_DSS2_RED PSEUDO_BELT_CORRIDOR block_shuffle seed=20260901: 192/256
      CTRL_03_DSS2_RED PSEUDO_BELT_CORRIDOR block_shuffle seed=20260901: 256/256
      CTRL_03_DSS2_RED PSEUDO_BELT_CORRIDOR block_shuffle seed=20260902: 64/256
      CTRL_03_DSS2_RED PSEUDO_BELT_CORRIDOR block_shuffle seed=20260902: 128/256
      CTRL_03_DSS2_RED PSEUDO_BELT_CORRIDOR block_shuffle seed=20260902: 192/256
      CTRL_03_DSS2_RED PSEUDO_BELT_CORRIDOR block_shuffle seed=20260902: 256/256
      CTRL_03_DSS2_RED PSEUDO_BELT_CORRIDOR block_shuffle seed=20260903: 64/256
      CTRL_03_DSS2_RED PSEUDO_BELT_CORRIDOR block_shuffle seed=20260903: 128/256
      CTRL_03_DSS2_RED PSEUDO_BELT_CORRIDOR block_shuffle seed=20260903: 192/256
      CTRL_03_DSS2_RED PSEUDO_BELT_CORRIDOR block_shuffle seed=20260903: 256/256
{"event": "model_complete", "label": "CTRL_03_DSS2_RED", "model": "block_shuffle", "p": 0.0013003901170351106, "ts_utc": "2026-08-14T18:54:08Z", "variant": "PSEUDO_BELT_CORRIDOR"}
{"event": "model_start", "label": "CTRL_03_DSS2_BLUE", "model": "phase_iaaft", "ts_utc": "2026-08-14T18:54:08Z", "variant": "WHOLE"}
      CTRL_03_DSS2_BLUE WHOLE phase_iaaft seed=20260901: 64/256
      CTRL_03_DSS2_BLUE WHOLE phase_iaaft seed=20260901: 128/256
      CTRL_03_DSS2_BLUE WHOLE phase_iaaft seed=20260901: 192/256
      CTRL_03_DSS2_BLUE WHOLE phase_iaaft seed=20260901: 256/256
      CTRL_03_DSS2_BLUE WHOLE phase_iaaft seed=20260902: 64/256
      CTRL_03_DSS2_BLUE WHOLE phase_iaaft seed=20260902: 128/256
      CTRL_03_DSS2_BLUE WHOLE phase_iaaft seed=20260902: 192/256
      CTRL_03_DSS2_BLUE WHOLE phase_iaaft seed=20260902: 256/256
      CTRL_03_DSS2_BLUE WHOLE phase_iaaft seed=20260903: 64/256
      CTRL_03_DSS2_BLUE WHOLE phase_iaaft seed=20260903: 128/256
      CTRL_03_DSS2_BLUE WHOLE phase_iaaft seed=20260903: 192/256
      CTRL_03_DSS2_BLUE WHOLE phase_iaaft seed=20260903: 256/256
{"event": "model_complete", "label": "CTRL_03_DSS2_BLUE", "model": "phase_iaaft", "p": 0.0013003901170351106, "ts_utc": "2026-08-14T18:54:24Z", "variant": "WHOLE"}
{"event": "model_start", "label": "CTRL_03_DSS2_BLUE", "model": "block_shuffle", "ts_utc": "2026-08-14T18:54:24Z", "variant": "WHOLE"}
      CTRL_03_DSS2_BLUE WHOLE block_shuffle seed=20260901: 64/256
      CTRL_03_DSS2_BLUE WHOLE block_shuffle seed=20260901: 128/256
      CTRL_03_DSS2_BLUE WHOLE block_shuffle seed=20260901: 192/256
      CTRL_03_DSS2_BLUE WHOLE block_shuffle seed=20260901: 256/256
      CTRL_03_DSS2_BLUE WHOLE block_shuffle seed=20260902: 64/256
      CTRL_03_DSS2_BLUE WHOLE block_shuffle seed=20260902: 128/256
      CTRL_03_DSS2_BLUE WHOLE block_shuffle seed=20260902: 192/256
      CTRL_03_DSS2_BLUE WHOLE block_shuffle seed=20260902: 256/256
      CTRL_03_DSS2_BLUE WHOLE block_shuffle seed=20260903: 64/256
      CTRL_03_DSS2_BLUE WHOLE block_shuffle seed=20260903: 128/256
      CTRL_03_DSS2_BLUE WHOLE block_shuffle seed=20260903: 192/256
      CTRL_03_DSS2_BLUE WHOLE block_shuffle seed=20260903: 256/256
{"event": "model_complete", "label": "CTRL_03_DSS2_BLUE", "model": "block_shuffle", "p": 0.0013003901170351106, "ts_utc": "2026-08-14T18:54:33Z", "variant": "WHOLE"}
{"event": "model_start", "label": "CTRL_03_DSS2_BLUE", "model": "phase_iaaft", "ts_utc": "2026-08-14T18:54:33Z", "variant": "PSEUDO_BELT_CORRIDOR"}
      CTRL_03_DSS2_BLUE PSEUDO_BELT_CORRIDOR phase_iaaft seed=20260901: 64/256
      CTRL_03_DSS2_BLUE PSEUDO_BELT_CORRIDOR phase_iaaft seed=20260901: 128/256
      CTRL_03_DSS2_BLUE PSEUDO_BELT_CORRIDOR phase_iaaft seed=20260901: 192/256
      CTRL_03_DSS2_BLUE PSEUDO_BELT_CORRIDOR phase_iaaft seed=20260901: 256/256
      CTRL_03_DSS2_BLUE PSEUDO_BELT_CORRIDOR phase_iaaft seed=20260902: 64/256
      CTRL_03_DSS2_BLUE PSEUDO_BELT_CORRIDOR phase_iaaft seed=20260902: 128/256
      CTRL_03_DSS2_BLUE PSEUDO_BELT_CORRIDOR phase_iaaft seed=20260902: 192/256
      CTRL_03_DSS2_BLUE PSEUDO_BELT_CORRIDOR phase_iaaft seed=20260902: 256/256
      CTRL_03_DSS2_BLUE PSEUDO_BELT_CORRIDOR phase_iaaft seed=20260903: 64/256
      CTRL_03_DSS2_BLUE PSEUDO_BELT_CORRIDOR phase_iaaft seed=20260903: 128/256
      CTRL_03_DSS2_BLUE PSEUDO_BELT_CORRIDOR phase_iaaft seed=20260903: 192/256
      CTRL_03_DSS2_BLUE PSEUDO_BELT_CORRIDOR phase_iaaft seed=20260903: 256/256
{"event": "model_complete", "label": "CTRL_03_DSS2_BLUE", "model": "phase_iaaft", "p": 0.0013003901170351106, "ts_utc": "2026-08-14T18:54:50Z", "variant": "PSEUDO_BELT_CORRIDOR"}
{"event": "model_start", "label": "CTRL_03_DSS2_BLUE", "model": "block_shuffle", "ts_utc": "2026-08-14T18:54:50Z", "variant": "PSEUDO_BELT_CORRIDOR"}
      CTRL_03_DSS2_BLUE PSEUDO_BELT_CORRIDOR block_shuffle seed=20260901: 64/256
      CTRL_03_DSS2_BLUE PSEUDO_BELT_CORRIDOR block_shuffle seed=20260901: 128/256
      CTRL_03_DSS2_BLUE PSEUDO_BELT_CORRIDOR block_shuffle seed=20260901: 192/256
      CTRL_03_DSS2_BLUE PSEUDO_BELT_CORRIDOR block_shuffle seed=20260901: 256/256
      CTRL_03_DSS2_BLUE PSEUDO_BELT_CORRIDOR block_shuffle seed=20260902: 64/256
      CTRL_03_DSS2_BLUE PSEUDO_BELT_CORRIDOR block_shuffle seed=20260902: 128/256
      CTRL_03_DSS2_BLUE PSEUDO_BELT_CORRIDOR block_shuffle seed=20260902: 192/256
      CTRL_03_DSS2_BLUE PSEUDO_BELT_CORRIDOR block_shuffle seed=20260902: 256/256
      CTRL_03_DSS2_BLUE PSEUDO_BELT_CORRIDOR block_shuffle seed=20260903: 64/256
      CTRL_03_DSS2_BLUE PSEUDO_BELT_CORRIDOR block_shuffle seed=20260903: 128/256
      CTRL_03_DSS2_BLUE PSEUDO_BELT_CORRIDOR block_shuffle seed=20260903: 192/256
      CTRL_03_DSS2_BLUE PSEUDO_BELT_CORRIDOR block_shuffle seed=20260903: 256/256
{"event": "model_complete", "label": "CTRL_03_DSS2_BLUE", "model": "block_shuffle", "p": 0.0013003901170351106, "ts_utc": "2026-08-14T18:54:59Z", "variant": "PSEUDO_BELT_CORRIDOR"}
{"event": "model_start", "label": "CTRL_03_2MASS_J", "model": "phase_iaaft", "ts_utc": "2026-08-14T18:54:59Z", "variant": "WHOLE"}
      CTRL_03_2MASS_J WHOLE phase_iaaft seed=20260901: 64/256
      CTRL_03_2MASS_J WHOLE phase_iaaft seed=20260901: 128/256
      CTRL_03_2MASS_J WHOLE phase_iaaft seed=20260901: 192/256
      CTRL_03_2MASS_J WHOLE phase_iaaft seed=20260901: 256/256
      CTRL_03_2MASS_J WHOLE phase_iaaft seed=20260902: 64/256
      CTRL_03_2MASS_J WHOLE phase_iaaft seed=20260902: 128/256
      CTRL_03_2MASS_J WHOLE phase_iaaft seed=20260902: 192/256
      CTRL_03_2MASS_J WHOLE phase_iaaft seed=20260902: 256/256
      CTRL_03_2MASS_J WHOLE phase_iaaft seed=20260903: 64/256
      CTRL_03_2MASS_J WHOLE phase_iaaft seed=20260903: 128/256
      CTRL_03_2MASS_J WHOLE phase_iaaft seed=20260903: 192/256
      CTRL_03_2MASS_J WHOLE phase_iaaft seed=20260903: 256/256
{"event": "model_complete", "label": "CTRL_03_2MASS_J", "model": "phase_iaaft", "p": 0.0013003901170351106, "ts_utc": "2026-08-14T18:55:16Z", "variant": "WHOLE"}
{"event": "model_start", "label": "CTRL_03_2MASS_J", "model": "block_shuffle", "ts_utc": "2026-08-14T18:55:16Z", "variant": "WHOLE"}
      CTRL_03_2MASS_J WHOLE block_shuffle seed=20260901: 64/256
      CTRL_03_2MASS_J WHOLE block_shuffle seed=20260901: 128/256
      CTRL_03_2MASS_J WHOLE block_shuffle seed=20260901: 192/256
      CTRL_03_2MASS_J WHOLE block_shuffle seed=20260901: 256/256
      CTRL_03_2MASS_J WHOLE block_shuffle seed=20260902: 64/256
      CTRL_03_2MASS_J WHOLE block_shuffle seed=20260902: 128/256
      CTRL_03_2MASS_J WHOLE block_shuffle seed=20260902: 192/256
      CTRL_03_2MASS_J WHOLE block_shuffle seed=20260902: 256/256
      CTRL_03_2MASS_J WHOLE block_shuffle seed=20260903: 64/256
      CTRL_03_2MASS_J WHOLE block_shuffle seed=20260903: 128/256
      CTRL_03_2MASS_J WHOLE block_shuffle seed=20260903: 192/256
      CTRL_03_2MASS_J WHOLE block_shuffle seed=20260903: 256/256
{"event": "model_complete", "label": "CTRL_03_2MASS_J", "model": "block_shuffle", "p": 0.0377113133940182, "ts_utc": "2026-08-14T18:55:25Z", "variant": "WHOLE"}
{"event": "model_start", "label": "CTRL_03_2MASS_J", "model": "phase_iaaft", "ts_utc": "2026-08-14T18:55:25Z", "variant": "PSEUDO_BELT_CORRIDOR"}
      CTRL_03_2MASS_J PSEUDO_BELT_CORRIDOR phase_iaaft seed=20260901: 64/256
      CTRL_03_2MASS_J PSEUDO_BELT_CORRIDOR phase_iaaft seed=20260901: 128/256
      CTRL_03_2MASS_J PSEUDO_BELT_CORRIDOR phase_iaaft seed=20260901: 192/256
      CTRL_03_2MASS_J PSEUDO_BELT_CORRIDOR phase_iaaft seed=20260901: 256/256
      CTRL_03_2MASS_J PSEUDO_BELT_CORRIDOR phase_iaaft seed=20260902: 64/256
      CTRL_03_2MASS_J PSEUDO_BELT_CORRIDOR phase_iaaft seed=20260902: 128/256
      CTRL_03_2MASS_J PSEUDO_BELT_CORRIDOR phase_iaaft seed=20260902: 192/256
      CTRL_03_2MASS_J PSEUDO_BELT_CORRIDOR phase_iaaft seed=20260902: 256/256
      CTRL_03_2MASS_J PSEUDO_BELT_CORRIDOR phase_iaaft seed=20260903: 64/256
      CTRL_03_2MASS_J PSEUDO_BELT_CORRIDOR phase_iaaft seed=20260903: 128/256
      CTRL_03_2MASS_J PSEUDO_BELT_CORRIDOR phase_iaaft seed=20260903: 192/256
      CTRL_03_2MASS_J PSEUDO_BELT_CORRIDOR phase_iaaft seed=20260903: 256/256
{"event": "model_complete", "label": "CTRL_03_2MASS_J", "model": "phase_iaaft", "p": 0.0013003901170351106, "ts_utc": "2026-08-14T18:55:42Z", "variant": "PSEUDO_BELT_CORRIDOR"}
{"event": "model_start", "label": "CTRL_03_2MASS_J", "model": "block_shuffle", "ts_utc": "2026-08-14T18:55:42Z", "variant": "PSEUDO_BELT_CORRIDOR"}
      CTRL_03_2MASS_J PSEUDO_BELT_CORRIDOR block_shuffle seed=20260901: 64/256
      CTRL_03_2MASS_J PSEUDO_BELT_CORRIDOR block_shuffle seed=20260901: 128/256
      CTRL_03_2MASS_J PSEUDO_BELT_CORRIDOR block_shuffle seed=20260901: 192/256
      CTRL_03_2MASS_J PSEUDO_BELT_CORRIDOR block_shuffle seed=20260901: 256/256
      CTRL_03_2MASS_J PSEUDO_BELT_CORRIDOR block_shuffle seed=20260902: 64/256
      CTRL_03_2MASS_J PSEUDO_BELT_CORRIDOR block_shuffle seed=20260902: 128/256
      CTRL_03_2MASS_J PSEUDO_BELT_CORRIDOR block_shuffle seed=20260902: 192/256
      CTRL_03_2MASS_J PSEUDO_BELT_CORRIDOR block_shuffle seed=20260902: 256/256
      CTRL_03_2MASS_J PSEUDO_BELT_CORRIDOR block_shuffle seed=20260903: 64/256
      CTRL_03_2MASS_J PSEUDO_BELT_CORRIDOR block_shuffle seed=20260903: 128/256
      CTRL_03_2MASS_J PSEUDO_BELT_CORRIDOR block_shuffle seed=20260903: 192/256
      CTRL_03_2MASS_J PSEUDO_BELT_CORRIDOR block_shuffle seed=20260903: 256/256
{"event": "model_complete", "label": "CTRL_03_2MASS_J", "model": "block_shuffle", "p": 0.0013003901170351106, "ts_utc": "2026-08-14T18:55:51Z", "variant": "PSEUDO_BELT_CORRIDOR"}
{"event": "model_start", "label": "CTRL_03_2MASS_K", "model": "phase_iaaft", "ts_utc": "2026-08-14T18:55:51Z", "variant": "WHOLE"}
      CTRL_03_2MASS_K WHOLE phase_iaaft seed=20260901: 64/256
      CTRL_03_2MASS_K WHOLE phase_iaaft seed=20260901: 128/256
      CTRL_03_2MASS_K WHOLE phase_iaaft seed=20260901: 192/256
      CTRL_03_2MASS_K WHOLE phase_iaaft seed=20260901: 256/256
      CTRL_03_2MASS_K WHOLE phase_iaaft seed=20260902: 64/256
      CTRL_03_2MASS_K WHOLE phase_iaaft seed=20260902: 128/256
      CTRL_03_2MASS_K WHOLE phase_iaaft seed=20260902: 192/256
      CTRL_03_2MASS_K WHOLE phase_iaaft seed=20260902: 256/256
      CTRL_03_2MASS_K WHOLE phase_iaaft seed=20260903: 64/256
      CTRL_03_2MASS_K WHOLE phase_iaaft seed=20260903: 128/256
      CTRL_03_2MASS_K WHOLE phase_iaaft seed=20260903: 192/256
      CTRL_03_2MASS_K WHOLE phase_iaaft seed=20260903: 256/256
{"event": "model_complete", "label": "CTRL_03_2MASS_K", "model": "phase_iaaft", "p": 0.0013003901170351106, "ts_utc": "2026-08-14T18:56:07Z", "variant": "WHOLE"}
{"event": "model_start", "label": "CTRL_03_2MASS_K", "model": "block_shuffle", "ts_utc": "2026-08-14T18:56:07Z", "variant": "WHOLE"}
      CTRL_03_2MASS_K WHOLE block_shuffle seed=20260901: 64/256
      CTRL_03_2MASS_K WHOLE block_shuffle seed=20260901: 128/256
      CTRL_03_2MASS_K WHOLE block_shuffle seed=20260901: 192/256
      CTRL_03_2MASS_K WHOLE block_shuffle seed=20260901: 256/256
      CTRL_03_2MASS_K WHOLE block_shuffle seed=20260902: 64/256
      CTRL_03_2MASS_K WHOLE block_shuffle seed=20260902: 128/256
      CTRL_03_2MASS_K WHOLE block_shuffle seed=20260902: 192/256
      CTRL_03_2MASS_K WHOLE block_shuffle seed=20260902: 256/256
      CTRL_03_2MASS_K WHOLE block_shuffle seed=20260903: 64/256
      CTRL_03_2MASS_K WHOLE block_shuffle seed=20260903: 128/256
      CTRL_03_2MASS_K WHOLE block_shuffle seed=20260903: 192/256
      CTRL_03_2MASS_K WHOLE block_shuffle seed=20260903: 256/256
{"event": "model_complete", "label": "CTRL_03_2MASS_K", "model": "block_shuffle", "p": 0.0013003901170351106, "ts_utc": "2026-08-14T18:56:16Z", "variant": "WHOLE"}
{"event": "model_start", "label": "CTRL_03_2MASS_K", "model": "phase_iaaft", "ts_utc": "2026-08-14T18:56:16Z", "variant": "PSEUDO_BELT_CORRIDOR"}
      CTRL_03_2MASS_K PSEUDO_BELT_CORRIDOR phase_iaaft seed=20260901: 64/256
      CTRL_03_2MASS_K PSEUDO_BELT_CORRIDOR phase_iaaft seed=20260901: 128/256
      CTRL_03_2MASS_K PSEUDO_BELT_CORRIDOR phase_iaaft seed=20260901: 192/256
      CTRL_03_2MASS_K PSEUDO_BELT_CORRIDOR phase_iaaft seed=20260901: 256/256
      CTRL_03_2MASS_K PSEUDO_BELT_CORRIDOR phase_iaaft seed=20260902: 64/256
      CTRL_03_2MASS_K PSEUDO_BELT_CORRIDOR phase_iaaft seed=20260902: 128/256
      CTRL_03_2MASS_K PSEUDO_BELT_CORRIDOR phase_iaaft seed=20260902: 192/256
      CTRL_03_2MASS_K PSEUDO_BELT_CORRIDOR phase_iaaft seed=20260902: 256/256
      CTRL_03_2MASS_K PSEUDO_BELT_CORRIDOR phase_iaaft seed=20260903: 64/256
      CTRL_03_2MASS_K PSEUDO_BELT_CORRIDOR phase_iaaft seed=20260903: 128/256
      CTRL_03_2MASS_K PSEUDO_BELT_CORRIDOR phase_iaaft seed=20260903: 192/256
      CTRL_03_2MASS_K PSEUDO_BELT_CORRIDOR phase_iaaft seed=20260903: 256/256
{"event": "model_complete", "label": "CTRL_03_2MASS_K", "model": "phase_iaaft", "p": 0.0013003901170351106, "ts_utc": "2026-08-14T18:56:32Z", "variant": "PSEUDO_BELT_CORRIDOR"}
{"event": "model_start", "label": "CTRL_03_2MASS_K", "model": "block_shuffle", "ts_utc": "2026-08-14T18:56:32Z", "variant": "PSEUDO_BELT_CORRIDOR"}
      CTRL_03_2MASS_K PSEUDO_BELT_CORRIDOR block_shuffle seed=20260901: 64/256
      CTRL_03_2MASS_K PSEUDO_BELT_CORRIDOR block_shuffle seed=20260901: 128/256
      CTRL_03_2MASS_K PSEUDO_BELT_CORRIDOR block_shuffle seed=20260901: 192/256
      CTRL_03_2MASS_K PSEUDO_BELT_CORRIDOR block_shuffle seed=20260901: 256/256
      CTRL_03_2MASS_K PSEUDO_BELT_CORRIDOR block_shuffle seed=20260902: 64/256
      CTRL_03_2MASS_K PSEUDO_BELT_CORRIDOR block_shuffle seed=20260902: 128/256
      CTRL_03_2MASS_K PSEUDO_BELT_CORRIDOR block_shuffle seed=20260902: 192/256
      CTRL_03_2MASS_K PSEUDO_BELT_CORRIDOR block_shuffle seed=20260902: 256/256
      CTRL_03_2MASS_K PSEUDO_BELT_CORRIDOR block_shuffle seed=20260903: 64/256
      CTRL_03_2MASS_K PSEUDO_BELT_CORRIDOR block_shuffle seed=20260903: 128/256
      CTRL_03_2MASS_K PSEUDO_BELT_CORRIDOR block_shuffle seed=20260903: 192/256
      CTRL_03_2MASS_K PSEUDO_BELT_CORRIDOR block_shuffle seed=20260903: 256/256
{"event": "model_complete", "label": "CTRL_03_2MASS_K", "model": "block_shuffle", "p": 0.0013003901170351106, "ts_utc": "2026-08-14T18:56:41Z", "variant": "PSEUDO_BELT_CORRIDOR"}
{"event": "model_start", "label": "CTRL_04_DSS2_RED", "model": "phase_iaaft", "ts_utc": "2026-08-14T18:56:41Z", "variant": "WHOLE"}
      CTRL_04_DSS2_RED WHOLE phase_iaaft seed=20260901: 64/256
      CTRL_04_DSS2_RED WHOLE phase_iaaft seed=20260901: 128/256
      CTRL_04_DSS2_RED WHOLE phase_iaaft seed=20260901: 192/256
      CTRL_04_DSS2_RED WHOLE phase_iaaft seed=20260901: 256/256
      CTRL_04_DSS2_RED WHOLE phase_iaaft seed=20260902: 64/256
      CTRL_04_DSS2_RED WHOLE phase_iaaft seed=20260902: 128/256
      CTRL_04_DSS2_RED WHOLE phase_iaaft seed=20260902: 192/256
      CTRL_04_DSS2_RED WHOLE phase_iaaft seed=20260902: 256/256
      CTRL_04_DSS2_RED WHOLE phase_iaaft seed=20260903: 64/256
      CTRL_04_DSS2_RED WHOLE phase_iaaft seed=20260903: 128/256
      CTRL_04_DSS2_RED WHOLE phase_iaaft seed=20260903: 192/256
      CTRL_04_DSS2_RED WHOLE phase_iaaft seed=20260903: 256/256
{"event": "model_complete", "label": "CTRL_04_DSS2_RED", "model": "phase_iaaft", "p": 0.0013003901170351106, "ts_utc": "2026-08-14T18:56:57Z", "variant": "WHOLE"}
{"event": "model_start", "label": "CTRL_04_DSS2_RED", "model": "block_shuffle", "ts_utc": "2026-08-14T18:56:57Z", "variant": "WHOLE"}
      CTRL_04_DSS2_RED WHOLE block_shuffle seed=20260901: 64/256
      CTRL_04_DSS2_RED WHOLE block_shuffle seed=20260901: 128/256
      CTRL_04_DSS2_RED WHOLE block_shuffle seed=20260901: 192/256
      CTRL_04_DSS2_RED WHOLE block_shuffle seed=20260901: 256/256
      CTRL_04_DSS2_RED WHOLE block_shuffle seed=20260902: 64/256
      CTRL_04_DSS2_RED WHOLE block_shuffle seed=20260902: 128/256
      CTRL_04_DSS2_RED WHOLE block_shuffle seed=20260902: 192/256
      CTRL_04_DSS2_RED WHOLE block_shuffle seed=20260902: 256/256
      CTRL_04_DSS2_RED WHOLE block_shuffle seed=20260903: 64/256
      CTRL_04_DSS2_RED WHOLE block_shuffle seed=20260903: 128/256
      CTRL_04_DSS2_RED WHOLE block_shuffle seed=20260903: 192/256
      CTRL_04_DSS2_RED WHOLE block_shuffle seed=20260903: 256/256
{"event": "model_complete", "label": "CTRL_04_DSS2_RED", "model": "block_shuffle", "p": 0.0013003901170351106, "ts_utc": "2026-08-14T18:57:06Z", "variant": "WHOLE"}
{"event": "model_start", "label": "CTRL_04_DSS2_RED", "model": "phase_iaaft", "ts_utc": "2026-08-14T18:57:06Z", "variant": "PSEUDO_BELT_CORRIDOR"}
      CTRL_04_DSS2_RED PSEUDO_BELT_CORRIDOR phase_iaaft seed=20260901: 64/256
      CTRL_04_DSS2_RED PSEUDO_BELT_CORRIDOR phase_iaaft seed=20260901: 128/256
      CTRL_04_DSS2_RED PSEUDO_BELT_CORRIDOR phase_iaaft seed=20260901: 192/256
      CTRL_04_DSS2_RED PSEUDO_BELT_CORRIDOR phase_iaaft seed=20260901: 256/256
      CTRL_04_DSS2_RED PSEUDO_BELT_CORRIDOR phase_iaaft seed=20260902: 64/256
      CTRL_04_DSS2_RED PSEUDO_BELT_CORRIDOR phase_iaaft seed=20260902: 128/256
      CTRL_04_DSS2_RED PSEUDO_BELT_CORRIDOR phase_iaaft seed=20260902: 192/256
      CTRL_04_DSS2_RED PSEUDO_BELT_CORRIDOR phase_iaaft seed=20260902: 256/256
      CTRL_04_DSS2_RED PSEUDO_BELT_CORRIDOR phase_iaaft seed=20260903: 64/256
      CTRL_04_DSS2_RED PSEUDO_BELT_CORRIDOR phase_iaaft seed=20260903: 128/256
      CTRL_04_DSS2_RED PSEUDO_BELT_CORRIDOR phase_iaaft seed=20260903: 192/256
      CTRL_04_DSS2_RED PSEUDO_BELT_CORRIDOR phase_iaaft seed=20260903: 256/256
{"event": "model_complete", "label": "CTRL_04_DSS2_RED", "model": "phase_iaaft", "p": 0.0013003901170351106, "ts_utc": "2026-08-14T18:57:21Z", "variant": "PSEUDO_BELT_CORRIDOR"}
{"event": "model_start", "label": "CTRL_04_DSS2_RED", "model": "block_shuffle", "ts_utc": "2026-08-14T18:57:21Z", "variant": "PSEUDO_BELT_CORRIDOR"}
      CTRL_04_DSS2_RED PSEUDO_BELT_CORRIDOR block_shuffle seed=20260901: 64/256
      CTRL_04_DSS2_RED PSEUDO_BELT_CORRIDOR block_shuffle seed=20260901: 128/256
      CTRL_04_DSS2_RED PSEUDO_BELT_CORRIDOR block_shuffle seed=20260901: 192/256
      CTRL_04_DSS2_RED PSEUDO_BELT_CORRIDOR block_shuffle seed=20260901: 256/256
      CTRL_04_DSS2_RED PSEUDO_BELT_CORRIDOR block_shuffle seed=20260902: 64/256
      CTRL_04_DSS2_RED PSEUDO_BELT_CORRIDOR block_shuffle seed=20260902: 128/256
      CTRL_04_DSS2_RED PSEUDO_BELT_CORRIDOR block_shuffle seed=20260902: 192/256
      CTRL_04_DSS2_RED PSEUDO_BELT_CORRIDOR block_shuffle seed=20260902: 256/256
      CTRL_04_DSS2_RED PSEUDO_BELT_CORRIDOR block_shuffle seed=20260903: 64/256
      CTRL_04_DSS2_RED PSEUDO_BELT_CORRIDOR block_shuffle seed=20260903: 128/256
      CTRL_04_DSS2_RED PSEUDO_BELT_CORRIDOR block_shuffle seed=20260903: 192/256
      CTRL_04_DSS2_RED PSEUDO_BELT_CORRIDOR block_shuffle seed=20260903: 256/256
{"event": "model_complete", "label": "CTRL_04_DSS2_RED", "model": "block_shuffle", "p": 0.0013003901170351106, "ts_utc": "2026-08-14T18:57:30Z", "variant": "PSEUDO_BELT_CORRIDOR"}
{"event": "model_start", "label": "CTRL_04_DSS2_BLUE", "model": "phase_iaaft", "ts_utc": "2026-08-14T18:57:30Z", "variant": "WHOLE"}
      CTRL_04_DSS2_BLUE WHOLE phase_iaaft seed=20260901: 64/256
      CTRL_04_DSS2_BLUE WHOLE phase_iaaft seed=20260901: 128/256
      CTRL_04_DSS2_BLUE WHOLE phase_iaaft seed=20260901: 192/256
      CTRL_04_DSS2_BLUE WHOLE phase_iaaft seed=20260901: 256/256
      CTRL_04_DSS2_BLUE WHOLE phase_iaaft seed=20260902: 64/256
      CTRL_04_DSS2_BLUE WHOLE phase_iaaft seed=20260902: 128/256
      CTRL_04_DSS2_BLUE WHOLE phase_iaaft seed=20260902: 192/256
      CTRL_04_DSS2_BLUE WHOLE phase_iaaft seed=20260902: 256/256
      CTRL_04_DSS2_BLUE WHOLE phase_iaaft seed=20260903: 64/256
      CTRL_04_DSS2_BLUE WHOLE phase_iaaft seed=20260903: 128/256
      CTRL_04_DSS2_BLUE WHOLE phase_iaaft seed=20260903: 192/256
      CTRL_04_DSS2_BLUE WHOLE phase_iaaft seed=20260903: 256/256
{"event": "model_complete", "label": "CTRL_04_DSS2_BLUE", "model": "phase_iaaft", "p": 0.0013003901170351106, "ts_utc": "2026-08-14T18:57:51Z", "variant": "WHOLE"}
{"event": "model_start", "label": "CTRL_04_DSS2_BLUE", "model": "block_shuffle", "ts_utc": "2026-08-14T18:57:51Z", "variant": "WHOLE"}
      CTRL_04_DSS2_BLUE WHOLE block_shuffle seed=20260901: 64/256
      CTRL_04_DSS2_BLUE WHOLE block_shuffle seed=20260901: 128/256
      CTRL_04_DSS2_BLUE WHOLE block_shuffle seed=20260901: 192/256
      CTRL_04_DSS2_BLUE WHOLE block_shuffle seed=20260901: 256/256
      CTRL_04_DSS2_BLUE WHOLE block_shuffle seed=20260902: 64/256
      CTRL_04_DSS2_BLUE WHOLE block_shuffle seed=20260902: 128/256
      CTRL_04_DSS2_BLUE WHOLE block_shuffle seed=20260902: 192/256
      CTRL_04_DSS2_BLUE WHOLE block_shuffle seed=20260902: 256/256
      CTRL_04_DSS2_BLUE WHOLE block_shuffle seed=20260903: 64/256
      CTRL_04_DSS2_BLUE WHOLE block_shuffle seed=20260903: 128/256
      CTRL_04_DSS2_BLUE WHOLE block_shuffle seed=20260903: 192/256
      CTRL_04_DSS2_BLUE WHOLE block_shuffle seed=20260903: 256/256
{"event": "model_complete", "label": "CTRL_04_DSS2_BLUE", "model": "block_shuffle", "p": 0.0013003901170351106, "ts_utc": "2026-08-14T18:58:00Z", "variant": "WHOLE"}
{"event": "model_start", "label": "CTRL_04_DSS2_BLUE", "model": "phase_iaaft", "ts_utc": "2026-08-14T18:58:00Z", "variant": "PSEUDO_BELT_CORRIDOR"}
      CTRL_04_DSS2_BLUE PSEUDO_BELT_CORRIDOR phase_iaaft seed=20260901: 64/256
      CTRL_04_DSS2_BLUE PSEUDO_BELT_CORRIDOR phase_iaaft seed=20260901: 128/256
      CTRL_04_DSS2_BLUE PSEUDO_BELT_CORRIDOR phase_iaaft seed=20260901: 192/256
      CTRL_04_DSS2_BLUE PSEUDO_BELT_CORRIDOR phase_iaaft seed=20260901: 256/256
      CTRL_04_DSS2_BLUE PSEUDO_BELT_CORRIDOR phase_iaaft seed=20260902: 64/256
      CTRL_04_DSS2_BLUE PSEUDO_BELT_CORRIDOR phase_iaaft seed=20260902: 128/256
      CTRL_04_DSS2_BLUE PSEUDO_BELT_CORRIDOR phase_iaaft seed=20260902: 192/256
      CTRL_04_DSS2_BLUE PSEUDO_BELT_CORRIDOR phase_iaaft seed=20260902: 256/256
      CTRL_04_DSS2_BLUE PSEUDO_BELT_CORRIDOR phase_iaaft seed=20260903: 64/256
      CTRL_04_DSS2_BLUE PSEUDO_BELT_CORRIDOR phase_iaaft seed=20260903: 128/256
      CTRL_04_DSS2_BLUE PSEUDO_BELT_CORRIDOR phase_iaaft seed=20260903: 192/256
      CTRL_04_DSS2_BLUE PSEUDO_BELT_CORRIDOR phase_iaaft seed=20260903: 256/256
{"event": "model_complete", "label": "CTRL_04_DSS2_BLUE", "model": "phase_iaaft", "p": 0.0013003901170351106, "ts_utc": "2026-08-14T18:58:17Z", "variant": "PSEUDO_BELT_CORRIDOR"}
{"event": "model_start", "label": "CTRL_04_DSS2_BLUE", "model": "block_shuffle", "ts_utc": "2026-08-14T18:58:17Z", "variant": "PSEUDO_BELT_CORRIDOR"}
      CTRL_04_DSS2_BLUE PSEUDO_BELT_CORRIDOR block_shuffle seed=20260901: 64/256
      CTRL_04_DSS2_BLUE PSEUDO_BELT_CORRIDOR block_shuffle seed=20260901: 128/256
      CTRL_04_DSS2_BLUE PSEUDO_BELT_CORRIDOR block_shuffle seed=20260901: 192/256
      CTRL_04_DSS2_BLUE PSEUDO_BELT_CORRIDOR block_shuffle seed=20260901: 256/256
      CTRL_04_DSS2_BLUE PSEUDO_BELT_CORRIDOR block_shuffle seed=20260902: 64/256
      CTRL_04_DSS2_BLUE PSEUDO_BELT_CORRIDOR block_shuffle seed=20260902: 128/256
      CTRL_04_DSS2_BLUE PSEUDO_BELT_CORRIDOR block_shuffle seed=20260902: 192/256
      CTRL_04_DSS2_BLUE PSEUDO_BELT_CORRIDOR block_shuffle seed=20260902: 256/256
      CTRL_04_DSS2_BLUE PSEUDO_BELT_CORRIDOR block_shuffle seed=20260903: 64/256
      CTRL_04_DSS2_BLUE PSEUDO_BELT_CORRIDOR block_shuffle seed=20260903: 128/256
      CTRL_04_DSS2_BLUE PSEUDO_BELT_CORRIDOR block_shuffle seed=20260903: 192/256
      CTRL_04_DSS2_BLUE PSEUDO_BELT_CORRIDOR block_shuffle seed=20260903: 256/256
{"event": "model_complete", "label": "CTRL_04_DSS2_BLUE", "model": "block_shuffle", "p": 0.0013003901170351106, "ts_utc": "2026-08-14T18:58:26Z", "variant": "PSEUDO_BELT_CORRIDOR"}
{"event": "model_start", "label": "CTRL_04_2MASS_J", "model": "phase_iaaft", "ts_utc": "2026-08-14T18:58:26Z", "variant": "WHOLE"}
      CTRL_04_2MASS_J WHOLE phase_iaaft seed=20260901: 64/256
      CTRL_04_2MASS_J WHOLE phase_iaaft seed=20260901: 128/256
      CTRL_04_2MASS_J WHOLE phase_iaaft seed=20260901: 192/256
      CTRL_04_2MASS_J WHOLE phase_iaaft seed=20260901: 256/256
      CTRL_04_2MASS_J WHOLE phase_iaaft seed=20260902: 64/256
      CTRL_04_2MASS_J WHOLE phase_iaaft seed=20260902: 128/256
      CTRL_04_2MASS_J WHOLE phase_iaaft seed=20260902: 192/256
      CTRL_04_2MASS_J WHOLE phase_iaaft seed=20260902: 256/256
      CTRL_04_2MASS_J WHOLE phase_iaaft seed=20260903: 64/256
      CTRL_04_2MASS_J WHOLE phase_iaaft seed=20260903: 128/256
      CTRL_04_2MASS_J WHOLE phase_iaaft seed=20260903: 192/256
      CTRL_04_2MASS_J WHOLE phase_iaaft seed=20260903: 256/256
{"event": "model_complete", "label": "CTRL_04_2MASS_J", "model": "phase_iaaft", "p": 0.0013003901170351106, "ts_utc": "2026-08-14T18:58:43Z", "variant": "WHOLE"}
{"event": "model_start", "label": "CTRL_04_2MASS_J", "model": "block_shuffle", "ts_utc": "2026-08-14T18:58:43Z", "variant": "WHOLE"}
      CTRL_04_2MASS_J WHOLE block_shuffle seed=20260901: 64/256
      CTRL_04_2MASS_J WHOLE block_shuffle seed=20260901: 128/256
      CTRL_04_2MASS_J WHOLE block_shuffle seed=20260901: 192/256
      CTRL_04_2MASS_J WHOLE block_shuffle seed=20260901: 256/256
      CTRL_04_2MASS_J WHOLE block_shuffle seed=20260902: 64/256
      CTRL_04_2MASS_J WHOLE block_shuffle seed=20260902: 128/256
      CTRL_04_2MASS_J WHOLE block_shuffle seed=20260902: 192/256
      CTRL_04_2MASS_J WHOLE block_shuffle seed=20260902: 256/256
      CTRL_04_2MASS_J WHOLE block_shuffle seed=20260903: 64/256
      CTRL_04_2MASS_J WHOLE block_shuffle seed=20260903: 128/256
      CTRL_04_2MASS_J WHOLE block_shuffle seed=20260903: 192/256
      CTRL_04_2MASS_J WHOLE block_shuffle seed=20260903: 256/256
{"event": "model_complete", "label": "CTRL_04_2MASS_J", "model": "block_shuffle", "p": 0.0013003901170351106, "ts_utc": "2026-08-14T18:58:52Z", "variant": "WHOLE"}
{"event": "model_start", "label": "CTRL_04_2MASS_J", "model": "phase_iaaft", "ts_utc": "2026-08-14T18:58:52Z", "variant": "PSEUDO_BELT_CORRIDOR"}
      CTRL_04_2MASS_J PSEUDO_BELT_CORRIDOR phase_iaaft seed=20260901: 64/256
      CTRL_04_2MASS_J PSEUDO_BELT_CORRIDOR phase_iaaft seed=20260901: 128/256
      CTRL_04_2MASS_J PSEUDO_BELT_CORRIDOR phase_iaaft seed=20260901: 192/256
      CTRL_04_2MASS_J PSEUDO_BELT_CORRIDOR phase_iaaft seed=20260901: 256/256
      CTRL_04_2MASS_J PSEUDO_BELT_CORRIDOR phase_iaaft seed=20260902: 64/256
      CTRL_04_2MASS_J PSEUDO_BELT_CORRIDOR phase_iaaft seed=20260902: 128/256
      CTRL_04_2MASS_J PSEUDO_BELT_CORRIDOR phase_iaaft seed=20260902: 192/256
      CTRL_04_2MASS_J PSEUDO_BELT_CORRIDOR phase_iaaft seed=20260902: 256/256
      CTRL_04_2MASS_J PSEUDO_BELT_CORRIDOR phase_iaaft seed=20260903: 64/256
      CTRL_04_2MASS_J PSEUDO_BELT_CORRIDOR phase_iaaft seed=20260903: 128/256
      CTRL_04_2MASS_J PSEUDO_BELT_CORRIDOR phase_iaaft seed=20260903: 192/256
      CTRL_04_2MASS_J PSEUDO_BELT_CORRIDOR phase_iaaft seed=20260903: 256/256
{"event": "model_complete", "label": "CTRL_04_2MASS_J", "model": "phase_iaaft", "p": 0.0013003901170351106, "ts_utc": "2026-08-14T18:59:08Z", "variant": "PSEUDO_BELT_CORRIDOR"}
{"event": "model_start", "label": "CTRL_04_2MASS_J", "model": "block_shuffle", "ts_utc": "2026-08-14T18:59:08Z", "variant": "PSEUDO_BELT_CORRIDOR"}
      CTRL_04_2MASS_J PSEUDO_BELT_CORRIDOR block_shuffle seed=20260901: 64/256
      CTRL_04_2MASS_J PSEUDO_BELT_CORRIDOR block_shuffle seed=20260901: 128/256
      CTRL_04_2MASS_J PSEUDO_BELT_CORRIDOR block_shuffle seed=20260901: 192/256
      CTRL_04_2MASS_J PSEUDO_BELT_CORRIDOR block_shuffle seed=20260901: 256/256
      CTRL_04_2MASS_J PSEUDO_BELT_CORRIDOR block_shuffle seed=20260902: 64/256
      CTRL_04_2MASS_J PSEUDO_BELT_CORRIDOR block_shuffle seed=20260902: 128/256
      CTRL_04_2MASS_J PSEUDO_BELT_CORRIDOR block_shuffle seed=20260902: 192/256
      CTRL_04_2MASS_J PSEUDO_BELT_CORRIDOR block_shuffle seed=20260902: 256/256
      CTRL_04_2MASS_J PSEUDO_BELT_CORRIDOR block_shuffle seed=20260903: 64/256
      CTRL_04_2MASS_J PSEUDO_BELT_CORRIDOR block_shuffle seed=20260903: 128/256
      CTRL_04_2MASS_J PSEUDO_BELT_CORRIDOR block_shuffle seed=20260903: 192/256
      CTRL_04_2MASS_J PSEUDO_BELT_CORRIDOR block_shuffle seed=20260903: 256/256
{"event": "model_complete", "label": "CTRL_04_2MASS_J", "model": "block_shuffle", "p": 0.0013003901170351106, "ts_utc": "2026-08-14T18:59:17Z", "variant": "PSEUDO_BELT_CORRIDOR"}
{"event": "model_start", "label": "CTRL_04_2MASS_K", "model": "phase_iaaft", "ts_utc": "2026-08-14T18:59:17Z", "variant": "WHOLE"}
      CTRL_04_2MASS_K WHOLE phase_iaaft seed=20260901: 64/256
      CTRL_04_2MASS_K WHOLE phase_iaaft seed=20260901: 128/256
      CTRL_04_2MASS_K WHOLE phase_iaaft seed=20260901: 192/256
      CTRL_04_2MASS_K WHOLE phase_iaaft seed=20260901: 256/256
      CTRL_04_2MASS_K WHOLE phase_iaaft seed=20260902: 64/256
      CTRL_04_2MASS_K WHOLE phase_iaaft seed=20260902: 128/256
      CTRL_04_2MASS_K WHOLE phase_iaaft seed=20260902: 192/256
      CTRL_04_2MASS_K WHOLE phase_iaaft seed=20260902: 256/256
      CTRL_04_2MASS_K WHOLE phase_iaaft seed=20260903: 64/256
      CTRL_04_2MASS_K WHOLE phase_iaaft seed=20260903: 128/256
      CTRL_04_2MASS_K WHOLE phase_iaaft seed=20260903: 192/256
      CTRL_04_2MASS_K WHOLE phase_iaaft seed=20260903: 256/256
{"event": "model_complete", "label": "CTRL_04_2MASS_K", "model": "phase_iaaft", "p": 0.0013003901170351106, "ts_utc": "2026-08-14T18:59:33Z", "variant": "WHOLE"}
{"event": "model_start", "label": "CTRL_04_2MASS_K", "model": "block_shuffle", "ts_utc": "2026-08-14T18:59:33Z", "variant": "WHOLE"}
      CTRL_04_2MASS_K WHOLE block_shuffle seed=20260901: 64/256
      CTRL_04_2MASS_K WHOLE block_shuffle seed=20260901: 128/256
      CTRL_04_2MASS_K WHOLE block_shuffle seed=20260901: 192/256
      CTRL_04_2MASS_K WHOLE block_shuffle seed=20260901: 256/256
      CTRL_04_2MASS_K WHOLE block_shuffle seed=20260902: 64/256
      CTRL_04_2MASS_K WHOLE block_shuffle seed=20260902: 128/256
      CTRL_04_2MASS_K WHOLE block_shuffle seed=20260902: 192/256
      CTRL_04_2MASS_K WHOLE block_shuffle seed=20260902: 256/256
      CTRL_04_2MASS_K WHOLE block_shuffle seed=20260903: 64/256
      CTRL_04_2MASS_K WHOLE block_shuffle seed=20260903: 128/256
      CTRL_04_2MASS_K WHOLE block_shuffle seed=20260903: 192/256
      CTRL_04_2MASS_K WHOLE block_shuffle seed=20260903: 256/256
{"event": "model_complete", "label": "CTRL_04_2MASS_K", "model": "block_shuffle", "p": 0.0013003901170351106, "ts_utc": "2026-08-14T18:59:42Z", "variant": "WHOLE"}
{"event": "model_start", "label": "CTRL_04_2MASS_K", "model": "phase_iaaft", "ts_utc": "2026-08-14T18:59:42Z", "variant": "PSEUDO_BELT_CORRIDOR"}
      CTRL_04_2MASS_K PSEUDO_BELT_CORRIDOR phase_iaaft seed=20260901: 64/256
      CTRL_04_2MASS_K PSEUDO_BELT_CORRIDOR phase_iaaft seed=20260901: 128/256
      CTRL_04_2MASS_K PSEUDO_BELT_CORRIDOR phase_iaaft seed=20260901: 192/256
      CTRL_04_2MASS_K PSEUDO_BELT_CORRIDOR phase_iaaft seed=20260901: 256/256
      CTRL_04_2MASS_K PSEUDO_BELT_CORRIDOR phase_iaaft seed=20260902: 64/256
      CTRL_04_2MASS_K PSEUDO_BELT_CORRIDOR phase_iaaft seed=20260902: 128/256
      CTRL_04_2MASS_K PSEUDO_BELT_CORRIDOR phase_iaaft seed=20260902: 192/256
      CTRL_04_2MASS_K PSEUDO_BELT_CORRIDOR phase_iaaft seed=20260902: 256/256
      CTRL_04_2MASS_K PSEUDO_BELT_CORRIDOR phase_iaaft seed=20260903: 64/256
      CTRL_04_2MASS_K PSEUDO_BELT_CORRIDOR phase_iaaft seed=20260903: 128/256
      CTRL_04_2MASS_K PSEUDO_BELT_CORRIDOR phase_iaaft seed=20260903: 192/256
      CTRL_04_2MASS_K PSEUDO_BELT_CORRIDOR phase_iaaft seed=20260903: 256/256
{"event": "model_complete", "label": "CTRL_04_2MASS_K", "model": "phase_iaaft", "p": 0.0013003901170351106, "ts_utc": "2026-08-14T18:59:58Z", "variant": "PSEUDO_BELT_CORRIDOR"}
{"event": "model_start", "label": "CTRL_04_2MASS_K", "model": "block_shuffle", "ts_utc": "2026-08-14T18:59:58Z", "variant": "PSEUDO_BELT_CORRIDOR"}
      CTRL_04_2MASS_K PSEUDO_BELT_CORRIDOR block_shuffle seed=20260901: 64/256
      CTRL_04_2MASS_K PSEUDO_BELT_CORRIDOR block_shuffle seed=20260901: 128/256
      CTRL_04_2MASS_K PSEUDO_BELT_CORRIDOR block_shuffle seed=20260901: 192/256
      CTRL_04_2MASS_K PSEUDO_BELT_CORRIDOR block_shuffle seed=20260901: 256/256
      CTRL_04_2MASS_K PSEUDO_BELT_CORRIDOR block_shuffle seed=20260902: 64/256
      CTRL_04_2MASS_K PSEUDO_BELT_CORRIDOR block_shuffle seed=20260902: 128/256
      CTRL_04_2MASS_K PSEUDO_BELT_CORRIDOR block_shuffle seed=20260902: 192/256
      CTRL_04_2MASS_K PSEUDO_BELT_CORRIDOR block_shuffle seed=20260902: 256/256
      CTRL_04_2MASS_K PSEUDO_BELT_CORRIDOR block_shuffle seed=20260903: 64/256
      CTRL_04_2MASS_K PSEUDO_BELT_CORRIDOR block_shuffle seed=20260903: 128/256
      CTRL_04_2MASS_K PSEUDO_BELT_CORRIDOR block_shuffle seed=20260903: 192/256
      CTRL_04_2MASS_K PSEUDO_BELT_CORRIDOR block_shuffle seed=20260903: 256/256
{"event": "model_complete", "label": "CTRL_04_2MASS_K", "model": "block_shuffle", "p": 0.0013003901170351106, "ts_utc": "2026-08-14T19:00:07Z", "variant": "PSEUDO_BELT_CORRIDOR"}
{"event": "model_start", "label": "ORION_DSS2_RED", "model": "phase_iaaft", "ts_utc": "2026-08-14T19:00:07Z", "variant": "WHOLE"}
      ORION_DSS2_RED WHOLE phase_iaaft seed=20260901: 64/256
      ORION_DSS2_RED WHOLE phase_iaaft seed=20260901: 128/256
      ORION_DSS2_RED WHOLE phase_iaaft seed=20260901: 192/256
      ORION_DSS2_RED WHOLE phase_iaaft seed=20260901: 256/256
      ORION_DSS2_RED WHOLE phase_iaaft seed=20260902: 64/256
      ORION_DSS2_RED WHOLE phase_iaaft seed=20260902: 128/256
      ORION_DSS2_RED WHOLE phase_iaaft seed=20260902: 192/256
      ORION_DSS2_RED WHOLE phase_iaaft seed=20260902: 256/256
      ORION_DSS2_RED WHOLE phase_iaaft seed=20260903: 64/256
      ORION_DSS2_RED WHOLE phase_iaaft seed=20260903: 128/256
      ORION_DSS2_RED WHOLE phase_iaaft seed=20260903: 192/256
      ORION_DSS2_RED WHOLE phase_iaaft seed=20260903: 256/256
{"event": "model_complete", "label": "ORION_DSS2_RED", "model": "phase_iaaft", "p": 0.0013003901170351106, "ts_utc": "2026-08-14T19:00:23Z", "variant": "WHOLE"}
{"event": "model_start", "label": "ORION_DSS2_RED", "model": "block_shuffle", "ts_utc": "2026-08-14T19:00:23Z", "variant": "WHOLE"}
      ORION_DSS2_RED WHOLE block_shuffle seed=20260901: 64/256
      ORION_DSS2_RED WHOLE block_shuffle seed=20260901: 128/256
      ORION_DSS2_RED WHOLE block_shuffle seed=20260901: 192/256
      ORION_DSS2_RED WHOLE block_shuffle seed=20260901: 256/256
      ORION_DSS2_RED WHOLE block_shuffle seed=20260902: 64/256
      ORION_DSS2_RED WHOLE block_shuffle seed=20260902: 128/256
      ORION_DSS2_RED WHOLE block_shuffle seed=20260902: 192/256
      ORION_DSS2_RED WHOLE block_shuffle seed=20260902: 256/256
      ORION_DSS2_RED WHOLE block_shuffle seed=20260903: 64/256
      ORION_DSS2_RED WHOLE block_shuffle seed=20260903: 128/256
      ORION_DSS2_RED WHOLE block_shuffle seed=20260903: 192/256
      ORION_DSS2_RED WHOLE block_shuffle seed=20260903: 256/256
{"event": "model_complete", "label": "ORION_DSS2_RED", "model": "block_shuffle", "p": 0.0013003901170351106, "ts_utc": "2026-08-14T19:00:32Z", "variant": "WHOLE"}
{"event": "model_start", "label": "ORION_DSS2_RED", "model": "phase_iaaft", "ts_utc": "2026-08-14T19:00:32Z", "variant": "BELT_CORRIDOR"}
      ORION_DSS2_RED BELT_CORRIDOR phase_iaaft seed=20260901: 64/256
      ORION_DSS2_RED BELT_CORRIDOR phase_iaaft seed=20260901: 128/256
      ORION_DSS2_RED BELT_CORRIDOR phase_iaaft seed=20260901: 192/256
      ORION_DSS2_RED BELT_CORRIDOR phase_iaaft seed=20260901: 256/256
      ORION_DSS2_RED BELT_CORRIDOR phase_iaaft seed=20260902: 64/256
      ORION_DSS2_RED BELT_CORRIDOR phase_iaaft seed=20260902: 128/256
      ORION_DSS2_RED BELT_CORRIDOR phase_iaaft seed=20260902: 192/256
      ORION_DSS2_RED BELT_CORRIDOR phase_iaaft seed=20260902: 256/256
      ORION_DSS2_RED BELT_CORRIDOR phase_iaaft seed=20260903: 64/256
      ORION_DSS2_RED BELT_CORRIDOR phase_iaaft seed=20260903: 128/256
      ORION_DSS2_RED BELT_CORRIDOR phase_iaaft seed=20260903: 192/256
      ORION_DSS2_RED BELT_CORRIDOR phase_iaaft seed=20260903: 256/256
{"event": "model_complete", "label": "ORION_DSS2_RED", "model": "phase_iaaft", "p": 0.0013003901170351106, "ts_utc": "2026-08-14T19:00:47Z", "variant": "BELT_CORRIDOR"}
{"event": "model_start", "label": "ORION_DSS2_RED", "model": "block_shuffle", "ts_utc": "2026-08-14T19:00:47Z", "variant": "BELT_CORRIDOR"}
      ORION_DSS2_RED BELT_CORRIDOR block_shuffle seed=20260901: 64/256
      ORION_DSS2_RED BELT_CORRIDOR block_shuffle seed=20260901: 128/256
      ORION_DSS2_RED BELT_CORRIDOR block_shuffle seed=20260901: 192/256
      ORION_DSS2_RED BELT_CORRIDOR block_shuffle seed=20260901: 256/256
      ORION_DSS2_RED BELT_CORRIDOR block_shuffle seed=20260902: 64/256
      ORION_DSS2_RED BELT_CORRIDOR block_shuffle seed=20260902: 128/256
      ORION_DSS2_RED BELT_CORRIDOR block_shuffle seed=20260902: 192/256
      ORION_DSS2_RED BELT_CORRIDOR block_shuffle seed=20260902: 256/256
      ORION_DSS2_RED BELT_CORRIDOR block_shuffle seed=20260903: 64/256
      ORION_DSS2_RED BELT_CORRIDOR block_shuffle seed=20260903: 128/256
      ORION_DSS2_RED BELT_CORRIDOR block_shuffle seed=20260903: 192/256
      ORION_DSS2_RED BELT_CORRIDOR block_shuffle seed=20260903: 256/256
{"event": "model_complete", "label": "ORION_DSS2_RED", "model": "block_shuffle", "p": 0.0013003901170351106, "ts_utc": "2026-08-14T19:00:56Z", "variant": "BELT_CORRIDOR"}
{"event": "model_start", "label": "ORION_DSS2_BLUE", "model": "phase_iaaft", "ts_utc": "2026-08-14T19:00:56Z", "variant": "WHOLE"}
      ORION_DSS2_BLUE WHOLE phase_iaaft seed=20260901: 64/256
      ORION_DSS2_BLUE WHOLE phase_iaaft seed=20260901: 128/256
      ORION_DSS2_BLUE WHOLE phase_iaaft seed=20260901: 192/256
      ORION_DSS2_BLUE WHOLE phase_iaaft seed=20260901: 256/256
      ORION_DSS2_BLUE WHOLE phase_iaaft seed=20260902: 64/256
      ORION_DSS2_BLUE WHOLE phase_iaaft seed=20260902: 128/256
      ORION_DSS2_BLUE WHOLE phase_iaaft seed=20260902: 192/256
      ORION_DSS2_BLUE WHOLE phase_iaaft seed=20260902: 256/256
      ORION_DSS2_BLUE WHOLE phase_iaaft seed=20260903: 64/256
      ORION_DSS2_BLUE WHOLE phase_iaaft seed=20260903: 128/256
      ORION_DSS2_BLUE WHOLE phase_iaaft seed=20260903: 192/256
      ORION_DSS2_BLUE WHOLE phase_iaaft seed=20260903: 256/256
{"event": "model_complete", "label": "ORION_DSS2_BLUE", "model": "phase_iaaft", "p": 0.002600780234070221, "ts_utc": "2026-08-14T19:01:12Z", "variant": "WHOLE"}
{"event": "model_start", "label": "ORION_DSS2_BLUE", "model": "block_shuffle", "ts_utc": "2026-08-14T19:01:12Z", "variant": "WHOLE"}
      ORION_DSS2_BLUE WHOLE block_shuffle seed=20260901: 64/256
      ORION_DSS2_BLUE WHOLE block_shuffle seed=20260901: 128/256
      ORION_DSS2_BLUE WHOLE block_shuffle seed=20260901: 192/256
      ORION_DSS2_BLUE WHOLE block_shuffle seed=20260901: 256/256
      ORION_DSS2_BLUE WHOLE block_shuffle seed=20260902: 64/256
      ORION_DSS2_BLUE WHOLE block_shuffle seed=20260902: 128/256
      ORION_DSS2_BLUE WHOLE block_shuffle seed=20260902: 192/256
      ORION_DSS2_BLUE WHOLE block_shuffle seed=20260902: 256/256
      ORION_DSS2_BLUE WHOLE block_shuffle seed=20260903: 64/256
      ORION_DSS2_BLUE WHOLE block_shuffle seed=20260903: 128/256
      ORION_DSS2_BLUE WHOLE block_shuffle seed=20260903: 192/256
      ORION_DSS2_BLUE WHOLE block_shuffle seed=20260903: 256/256
{"event": "model_complete", "label": "ORION_DSS2_BLUE", "model": "block_shuffle", "p": 0.0013003901170351106, "ts_utc": "2026-08-14T19:01:21Z", "variant": "WHOLE"}
{"event": "model_start", "label": "ORION_DSS2_BLUE", "model": "phase_iaaft", "ts_utc": "2026-08-14T19:01:21Z", "variant": "BELT_CORRIDOR"}
      ORION_DSS2_BLUE BELT_CORRIDOR phase_iaaft seed=20260901: 64/256
      ORION_DSS2_BLUE BELT_CORRIDOR phase_iaaft seed=20260901: 128/256
      ORION_DSS2_BLUE BELT_CORRIDOR phase_iaaft seed=20260901: 192/256
      ORION_DSS2_BLUE BELT_CORRIDOR phase_iaaft seed=20260901: 256/256
      ORION_DSS2_BLUE BELT_CORRIDOR phase_iaaft seed=20260902: 64/256
      ORION_DSS2_BLUE BELT_CORRIDOR phase_iaaft seed=20260902: 128/256
      ORION_DSS2_BLUE BELT_CORRIDOR phase_iaaft seed=20260902: 192/256
      ORION_DSS2_BLUE BELT_CORRIDOR phase_iaaft seed=20260902: 256/256
      ORION_DSS2_BLUE BELT_CORRIDOR phase_iaaft seed=20260903: 64/256
      ORION_DSS2_BLUE BELT_CORRIDOR phase_iaaft seed=20260903: 128/256
      ORION_DSS2_BLUE BELT_CORRIDOR phase_iaaft seed=20260903: 192/256
      ORION_DSS2_BLUE BELT_CORRIDOR phase_iaaft seed=20260903: 256/256
{"event": "model_complete", "label": "ORION_DSS2_BLUE", "model": "phase_iaaft", "p": 0.0013003901170351106, "ts_utc": "2026-08-14T19:01:37Z", "variant": "BELT_CORRIDOR"}
{"event": "model_start", "label": "ORION_DSS2_BLUE", "model": "block_shuffle", "ts_utc": "2026-08-14T19:01:37Z", "variant": "BELT_CORRIDOR"}
      ORION_DSS2_BLUE BELT_CORRIDOR block_shuffle seed=20260901: 64/256
      ORION_DSS2_BLUE BELT_CORRIDOR block_shuffle seed=20260901: 128/256
      ORION_DSS2_BLUE BELT_CORRIDOR block_shuffle seed=20260901: 192/256
      ORION_DSS2_BLUE BELT_CORRIDOR block_shuffle seed=20260901: 256/256
      ORION_DSS2_BLUE BELT_CORRIDOR block_shuffle seed=20260902: 64/256
      ORION_DSS2_BLUE BELT_CORRIDOR block_shuffle seed=20260902: 128/256
      ORION_DSS2_BLUE BELT_CORRIDOR block_shuffle seed=20260902: 192/256
      ORION_DSS2_BLUE BELT_CORRIDOR block_shuffle seed=20260902: 256/256
      ORION_DSS2_BLUE BELT_CORRIDOR block_shuffle seed=20260903: 64/256
      ORION_DSS2_BLUE BELT_CORRIDOR block_shuffle seed=20260903: 128/256
      ORION_DSS2_BLUE BELT_CORRIDOR block_shuffle seed=20260903: 192/256
      ORION_DSS2_BLUE BELT_CORRIDOR block_shuffle seed=20260903: 256/256
{"event": "model_complete", "label": "ORION_DSS2_BLUE", "model": "block_shuffle", "p": 0.0013003901170351106, "ts_utc": "2026-08-14T19:01:46Z", "variant": "BELT_CORRIDOR"}
{"event": "model_start", "label": "ORION_2MASS_J", "model": "phase_iaaft", "ts_utc": "2026-08-14T19:01:46Z", "variant": "WHOLE"}
      ORION_2MASS_J WHOLE phase_iaaft seed=20260901: 64/256
      ORION_2MASS_J WHOLE phase_iaaft seed=20260901: 128/256
      ORION_2MASS_J WHOLE phase_iaaft seed=20260901: 192/256
      ORION_2MASS_J WHOLE phase_iaaft seed=20260901: 256/256
      ORION_2MASS_J WHOLE phase_iaaft seed=20260902: 64/256
      ORION_2MASS_J WHOLE phase_iaaft seed=20260902: 128/256
      ORION_2MASS_J WHOLE phase_iaaft seed=20260902: 192/256
      ORION_2MASS_J WHOLE phase_iaaft seed=20260902: 256/256
      ORION_2MASS_J WHOLE phase_iaaft seed=20260903: 64/256
      ORION_2MASS_J WHOLE phase_iaaft seed=20260903: 128/256
      ORION_2MASS_J WHOLE phase_iaaft seed=20260903: 192/256
      ORION_2MASS_J WHOLE phase_iaaft seed=20260903: 256/256
{"event": "model_complete", "label": "ORION_2MASS_J", "model": "phase_iaaft", "p": 0.0013003901170351106, "ts_utc": "2026-08-14T19:02:03Z", "variant": "WHOLE"}
{"event": "model_start", "label": "ORION_2MASS_J", "model": "block_shuffle", "ts_utc": "2026-08-14T19:02:03Z", "variant": "WHOLE"}
      ORION_2MASS_J WHOLE block_shuffle seed=20260901: 64/256
      ORION_2MASS_J WHOLE block_shuffle seed=20260901: 128/256
      ORION_2MASS_J WHOLE block_shuffle seed=20260901: 192/256
      ORION_2MASS_J WHOLE block_shuffle seed=20260901: 256/256
      ORION_2MASS_J WHOLE block_shuffle seed=20260902: 64/256
      ORION_2MASS_J WHOLE block_shuffle seed=20260902: 128/256
      ORION_2MASS_J WHOLE block_shuffle seed=20260902: 192/256
      ORION_2MASS_J WHOLE block_shuffle seed=20260902: 256/256
      ORION_2MASS_J WHOLE block_shuffle seed=20260903: 64/256
      ORION_2MASS_J WHOLE block_shuffle seed=20260903: 128/256
      ORION_2MASS_J WHOLE block_shuffle seed=20260903: 192/256
      ORION_2MASS_J WHOLE block_shuffle seed=20260903: 256/256
{"event": "model_complete", "label": "ORION_2MASS_J", "model": "block_shuffle", "p": 0.0013003901170351106, "ts_utc": "2026-08-14T19:02:11Z", "variant": "WHOLE"}
{"event": "model_start", "label": "ORION_2MASS_J", "model": "phase_iaaft", "ts_utc": "2026-08-14T19:02:11Z", "variant": "BELT_CORRIDOR"}
      ORION_2MASS_J BELT_CORRIDOR phase_iaaft seed=20260901: 64/256
      ORION_2MASS_J BELT_CORRIDOR phase_iaaft seed=20260901: 128/256
      ORION_2MASS_J BELT_CORRIDOR phase_iaaft seed=20260901: 192/256
      ORION_2MASS_J BELT_CORRIDOR phase_iaaft seed=20260901: 256/256
      ORION_2MASS_J BELT_CORRIDOR phase_iaaft seed=20260902: 64/256
      ORION_2MASS_J BELT_CORRIDOR phase_iaaft seed=20260902: 128/256
      ORION_2MASS_J BELT_CORRIDOR phase_iaaft seed=20260902: 192/256
      ORION_2MASS_J BELT_CORRIDOR phase_iaaft seed=20260902: 256/256
      ORION_2MASS_J BELT_CORRIDOR phase_iaaft seed=20260903: 64/256
      ORION_2MASS_J BELT_CORRIDOR phase_iaaft seed=20260903: 128/256
      ORION_2MASS_J BELT_CORRIDOR phase_iaaft seed=20260903: 192/256
      ORION_2MASS_J BELT_CORRIDOR phase_iaaft seed=20260903: 256/256
{"event": "model_complete", "label": "ORION_2MASS_J", "model": "phase_iaaft", "p": 0.0013003901170351106, "ts_utc": "2026-08-14T19:02:28Z", "variant": "BELT_CORRIDOR"}
{"event": "model_start", "label": "ORION_2MASS_J", "model": "block_shuffle", "ts_utc": "2026-08-14T19:02:28Z", "variant": "BELT_CORRIDOR"}
      ORION_2MASS_J BELT_CORRIDOR block_shuffle seed=20260901: 64/256
      ORION_2MASS_J BELT_CORRIDOR block_shuffle seed=20260901: 128/256
      ORION_2MASS_J BELT_CORRIDOR block_shuffle seed=20260901: 192/256
      ORION_2MASS_J BELT_CORRIDOR block_shuffle seed=20260901: 256/256
      ORION_2MASS_J BELT_CORRIDOR block_shuffle seed=20260902: 64/256
      ORION_2MASS_J BELT_CORRIDOR block_shuffle seed=20260902: 128/256
      ORION_2MASS_J BELT_CORRIDOR block_shuffle seed=20260902: 192/256
      ORION_2MASS_J BELT_CORRIDOR block_shuffle seed=20260902: 256/256
      ORION_2MASS_J BELT_CORRIDOR block_shuffle seed=20260903: 64/256
      ORION_2MASS_J BELT_CORRIDOR block_shuffle seed=20260903: 128/256
      ORION_2MASS_J BELT_CORRIDOR block_shuffle seed=20260903: 192/256
      ORION_2MASS_J BELT_CORRIDOR block_shuffle seed=20260903: 256/256
{"event": "model_complete", "label": "ORION_2MASS_J", "model": "block_shuffle", "p": 0.0013003901170351106, "ts_utc": "2026-08-14T19:02:36Z", "variant": "BELT_CORRIDOR"}
{"event": "model_start", "label": "ORION_2MASS_K", "model": "phase_iaaft", "ts_utc": "2026-08-14T19:02:36Z", "variant": "WHOLE"}
      ORION_2MASS_K WHOLE phase_iaaft seed=20260901: 64/256
      ORION_2MASS_K WHOLE phase_iaaft seed=20260901: 128/256
      ORION_2MASS_K WHOLE phase_iaaft seed=20260901: 192/256
      ORION_2MASS_K WHOLE phase_iaaft seed=20260901: 256/256
      ORION_2MASS_K WHOLE phase_iaaft seed=20260902: 64/256
      ORION_2MASS_K WHOLE phase_iaaft seed=20260902: 128/256
      ORION_2MASS_K WHOLE phase_iaaft seed=20260902: 192/256
      ORION_2MASS_K WHOLE phase_iaaft seed=20260902: 256/256
      ORION_2MASS_K WHOLE phase_iaaft seed=20260903: 64/256
      ORION_2MASS_K WHOLE phase_iaaft seed=20260903: 128/256
      ORION_2MASS_K WHOLE phase_iaaft seed=20260903: 192/256
      ORION_2MASS_K WHOLE phase_iaaft seed=20260903: 256/256
{"event": "model_complete", "label": "ORION_2MASS_K", "model": "phase_iaaft", "p": 0.0013003901170351106, "ts_utc": "2026-08-14T19:02:53Z", "variant": "WHOLE"}
{"event": "model_start", "label": "ORION_2MASS_K", "model": "block_shuffle", "ts_utc": "2026-08-14T19:02:53Z", "variant": "WHOLE"}
      ORION_2MASS_K WHOLE block_shuffle seed=20260901: 64/256
      ORION_2MASS_K WHOLE block_shuffle seed=20260901: 128/256
      ORION_2MASS_K WHOLE block_shuffle seed=20260901: 192/256
      ORION_2MASS_K WHOLE block_shuffle seed=20260901: 256/256
      ORION_2MASS_K WHOLE block_shuffle seed=20260902: 64/256
      ORION_2MASS_K WHOLE block_shuffle seed=20260902: 128/256
      ORION_2MASS_K WHOLE block_shuffle seed=20260902: 192/256
      ORION_2MASS_K WHOLE block_shuffle seed=20260902: 256/256
      ORION_2MASS_K WHOLE block_shuffle seed=20260903: 64/256
      ORION_2MASS_K WHOLE block_shuffle seed=20260903: 128/256
      ORION_2MASS_K WHOLE block_shuffle seed=20260903: 192/256
      ORION_2MASS_K WHOLE block_shuffle seed=20260903: 256/256
{"event": "model_complete", "label": "ORION_2MASS_K", "model": "block_shuffle", "p": 0.0013003901170351106, "ts_utc": "2026-08-14T19:03:02Z", "variant": "WHOLE"}
{"event": "model_start", "label": "ORION_2MASS_K", "model": "phase_iaaft", "ts_utc": "2026-08-14T19:03:02Z", "variant": "BELT_CORRIDOR"}
      ORION_2MASS_K BELT_CORRIDOR phase_iaaft seed=20260901: 64/256
      ORION_2MASS_K BELT_CORRIDOR phase_iaaft seed=20260901: 128/256
      ORION_2MASS_K BELT_CORRIDOR phase_iaaft seed=20260901: 192/256
      ORION_2MASS_K BELT_CORRIDOR phase_iaaft seed=20260901: 256/256
      ORION_2MASS_K BELT_CORRIDOR phase_iaaft seed=20260902: 64/256
      ORION_2MASS_K BELT_CORRIDOR phase_iaaft seed=20260902: 128/256
      ORION_2MASS_K BELT_CORRIDOR phase_iaaft seed=20260902: 192/256
      ORION_2MASS_K BELT_CORRIDOR phase_iaaft seed=20260902: 256/256
      ORION_2MASS_K BELT_CORRIDOR phase_iaaft seed=20260903: 64/256
      ORION_2MASS_K BELT_CORRIDOR phase_iaaft seed=20260903: 128/256
      ORION_2MASS_K BELT_CORRIDOR phase_iaaft seed=20260903: 192/256
      ORION_2MASS_K BELT_CORRIDOR phase_iaaft seed=20260903: 256/256
{"event": "model_complete", "label": "ORION_2MASS_K", "model": "phase_iaaft", "p": 0.0013003901170351106, "ts_utc": "2026-08-14T19:03:19Z", "variant": "BELT_CORRIDOR"}
{"event": "model_start", "label": "ORION_2MASS_K", "model": "block_shuffle", "ts_utc": "2026-08-14T19:03:19Z", "variant": "BELT_CORRIDOR"}
      ORION_2MASS_K BELT_CORRIDOR block_shuffle seed=20260901: 64/256
      ORION_2MASS_K BELT_CORRIDOR block_shuffle seed=20260901: 128/256
      ORION_2MASS_K BELT_CORRIDOR block_shuffle seed=20260901: 192/256
      ORION_2MASS_K BELT_CORRIDOR block_shuffle seed=20260901: 256/256
      ORION_2MASS_K BELT_CORRIDOR block_shuffle seed=20260902: 64/256
      ORION_2MASS_K BELT_CORRIDOR block_shuffle seed=20260902: 128/256
      ORION_2MASS_K BELT_CORRIDOR block_shuffle seed=20260902: 192/256
      ORION_2MASS_K BELT_CORRIDOR block_shuffle seed=20260902: 256/256
      ORION_2MASS_K BELT_CORRIDOR block_shuffle seed=20260903: 64/256
      ORION_2MASS_K BELT_CORRIDOR block_shuffle seed=20260903: 128/256
      ORION_2MASS_K BELT_CORRIDOR block_shuffle seed=20260903: 192/256
      ORION_2MASS_K BELT_CORRIDOR block_shuffle seed=20260903: 256/256
{"event": "model_complete", "label": "ORION_2MASS_K", "model": "block_shuffle", "p": 0.0013003901170351106, "ts_utc": "2026-08-14T19:03:27Z", "variant": "BELT_CORRIDOR"}
{"event": "model_start", "label": "NGC1425_F555W", "model": "phase_iaaft", "ts_utc": "2026-08-14T19:03:27Z", "variant": "WHOLE"}
      NGC1425_F555W WHOLE phase_iaaft seed=20260901: 64/256
      NGC1425_F555W WHOLE phase_iaaft seed=20260901: 128/256
      NGC1425_F555W WHOLE phase_iaaft seed=20260901: 192/256
      NGC1425_F555W WHOLE phase_iaaft seed=20260901: 256/256
      NGC1425_F555W WHOLE phase_iaaft seed=20260902: 64/256
      NGC1425_F555W WHOLE phase_iaaft seed=20260902: 128/256
      NGC1425_F555W WHOLE phase_iaaft seed=20260902: 192/256
      NGC1425_F555W WHOLE phase_iaaft seed=20260902: 256/256
      NGC1425_F555W WHOLE phase_iaaft seed=20260903: 64/256
      NGC1425_F555W WHOLE phase_iaaft seed=20260903: 128/256
      NGC1425_F555W WHOLE phase_iaaft seed=20260903: 192/256
      NGC1425_F555W WHOLE phase_iaaft seed=20260903: 256/256
{"event": "model_complete", "label": "NGC1425_F555W", "model": "phase_iaaft", "p": 0.0013003901170351106, "ts_utc": "2026-08-14T19:03:43Z", "variant": "WHOLE"}
{"event": "model_start", "label": "NGC1425_F555W", "model": "block_shuffle", "ts_utc": "2026-08-14T19:03:43Z", "variant": "WHOLE"}
      NGC1425_F555W WHOLE block_shuffle seed=20260901: 64/256
      NGC1425_F555W WHOLE block_shuffle seed=20260901: 128/256
      NGC1425_F555W WHOLE block_shuffle seed=20260901: 192/256
      NGC1425_F555W WHOLE block_shuffle seed=20260901: 256/256
      NGC1425_F555W WHOLE block_shuffle seed=20260902: 64/256
      NGC1425_F555W WHOLE block_shuffle seed=20260902: 128/256
      NGC1425_F555W WHOLE block_shuffle seed=20260902: 192/256
      NGC1425_F555W WHOLE block_shuffle seed=20260902: 256/256
      NGC1425_F555W WHOLE block_shuffle seed=20260903: 64/256
      NGC1425_F555W WHOLE block_shuffle seed=20260903: 128/256
      NGC1425_F555W WHOLE block_shuffle seed=20260903: 192/256
      NGC1425_F555W WHOLE block_shuffle seed=20260903: 256/256
{"event": "model_complete", "label": "NGC1425_F555W", "model": "block_shuffle", "p": 0.0013003901170351106, "ts_utc": "2026-08-14T19:03:51Z", "variant": "WHOLE"}
{"event": "model_start", "label": "NGC1425_F814W", "model": "phase_iaaft", "ts_utc": "2026-08-14T19:03:51Z", "variant": "WHOLE"}
      NGC1425_F814W WHOLE phase_iaaft seed=20260901: 64/256
      NGC1425_F814W WHOLE phase_iaaft seed=20260901: 128/256
      NGC1425_F814W WHOLE phase_iaaft seed=20260901: 192/256
      NGC1425_F814W WHOLE phase_iaaft seed=20260901: 256/256
      NGC1425_F814W WHOLE phase_iaaft seed=20260902: 64/256
      NGC1425_F814W WHOLE phase_iaaft seed=20260902: 128/256
      NGC1425_F814W WHOLE phase_iaaft seed=20260902: 192/256
      NGC1425_F814W WHOLE phase_iaaft seed=20260902: 256/256
      NGC1425_F814W WHOLE phase_iaaft seed=20260903: 64/256
      NGC1425_F814W WHOLE phase_iaaft seed=20260903: 128/256
      NGC1425_F814W WHOLE phase_iaaft seed=20260903: 192/256
      NGC1425_F814W WHOLE phase_iaaft seed=20260903: 256/256
{"event": "model_complete", "label": "NGC1425_F814W", "model": "phase_iaaft", "p": 0.0013003901170351106, "ts_utc": "2026-08-14T19:04:07Z", "variant": "WHOLE"}
{"event": "model_start", "label": "NGC1425_F814W", "model": "block_shuffle", "ts_utc": "2026-08-14T19:04:07Z", "variant": "WHOLE"}
      NGC1425_F814W WHOLE block_shuffle seed=20260901: 64/256
      NGC1425_F814W WHOLE block_shuffle seed=20260901: 128/256
      NGC1425_F814W WHOLE block_shuffle seed=20260901: 192/256
      NGC1425_F814W WHOLE block_shuffle seed=20260901: 256/256
      NGC1425_F814W WHOLE block_shuffle seed=20260902: 64/256
      NGC1425_F814W WHOLE block_shuffle seed=20260902: 128/256
      NGC1425_F814W WHOLE block_shuffle seed=20260902: 192/256
      NGC1425_F814W WHOLE block_shuffle seed=20260902: 256/256
      NGC1425_F814W WHOLE block_shuffle seed=20260903: 64/256
      NGC1425_F814W WHOLE block_shuffle seed=20260903: 128/256
      NGC1425_F814W WHOLE block_shuffle seed=20260903: 192/256
      NGC1425_F814W WHOLE block_shuffle seed=20260903: 256/256
{"event": "model_complete", "label": "NGC1425_F814W", "model": "block_shuffle", "p": 0.0013003901170351106, "ts_utc": "2026-08-14T19:04:15Z", "variant": "WHOLE"}
JANUS COSMOS v2.0.2 — DEMIURGE-ADVERSARIAL COSMOS CHECK

status: PASS
smoke_only: False
frozen_genome: ebec8aaf0b623e8f805615130362570738ddacf4c5f4a90cc347652209fd20d6

SPECIFICITY_GATE: FAIL
control_false_positive_whole: 2
control_false_positive_corridor: 4

ORION: DETECTOR_SPECIFICITY_BLOCKED
orion_whole_cross_survey: True
orion_belt_corridor_cross_survey: True

NGC1425: DETECTOR_SPECIFICITY_BLOCKED
ngc1425_cross_filter_robust: True

Claim ceiling: Image-level sky-fixed morphology candidate only after specificity gate. No artificial-structure, hidden-message, censorship, or new-physics claim.
